Component: Arm Compiler for Embedded 6.21 Tool: armlink [5ec1fa00]

==============================================================================

Section Cross References

    startup_stm32g031xx.o(RESET) refers to startup_stm32g031xx.o(STACK) for __initial_sp
    startup_stm32g031xx.o(RESET) refers to startup_stm32g031xx.o(.text) for Reset_Handler
    startup_stm32g031xx.o(RESET) refers to stm32g0xx_it.o(.text.NMI_Handler) for NMI_Handler
    startup_stm32g031xx.o(RESET) refers to stm32g0xx_it.o(.text.HardFault_Handler) for HardFault_Handler
    startup_stm32g031xx.o(RESET) refers to stm32g0xx_it.o(.text.PendSV_Handler) for PendSV_Handler
    startup_stm32g031xx.o(RESET) refers to stm32g0xx_it.o(.text.EXTI2_3_IRQHandler) for EXTI2_3_IRQHandler
    startup_stm32g031xx.o(RESET) refers to stm32g0xx_it.o(.text.DMA1_Channel1_IRQHandler) for DMA1_Channel1_IRQHandler
    startup_stm32g031xx.o(.text) refers to system_stm32g0xx.o(.text.SystemInit) for SystemInit
    startup_stm32g031xx.o(.text) refers to entry.o(.ARM.Collect$$$$00000000) for __main
    retarget_io.o(.text.fputc) refers to main.o(.text.stdout_putchar) for stdout_putchar
    retarget_io.o(.text.fputc) refers to stdout.o(.data) for __stdout
    retarget_io.o(.ARM.exidx.text.fputc) refers to retarget_io.o(.text.fputc) for [Anonymous Symbol]
    retarget_io.o(.ARM.exidx.text.fgetc) refers to retarget_io.o(.text.fgetc) for [Anonymous Symbol]
    retarget_io.o(.ARM.exidx.text.__backspace) refers to retarget_io.o(.text.__backspace) for [Anonymous Symbol]
    retarget_io.o(.text.__aeabi_assert) refers to fputs.o(i.fputs) for fputs
    retarget_io.o(.text.__aeabi_assert) refers to idiv_div0.o(.text) for __aeabi_idivmod
    retarget_io.o(.text.__aeabi_assert) refers to retarget_io.o(.text.abort) for abort
    retarget_io.o(.text.__aeabi_assert) refers to retarget_io.o(.rodata.str1.1) for [Anonymous Symbol]
    retarget_io.o(.text.__aeabi_assert) refers to stderr.o(.data) for __stderr
    retarget_io.o(.ARM.exidx.text.__aeabi_assert) refers to retarget_io.o(.text.__aeabi_assert) for [Anonymous Symbol]
    retarget_io.o(.ARM.exidx.text.abort) refers to retarget_io.o(.text.abort) for [Anonymous Symbol]
    stm32g0xx_ll_adc.o(.text.LL_ADC_CommonDeInit) refers to stm32g0xx_ll_adc.o(.text.LL_APB2_GRP1_ForceReset) for LL_APB2_GRP1_ForceReset
    stm32g0xx_ll_adc.o(.text.LL_ADC_CommonDeInit) refers to stm32g0xx_ll_adc.o(.text.LL_APB2_GRP1_ReleaseReset) for LL_APB2_GRP1_ReleaseReset
    stm32g0xx_ll_adc.o(.ARM.exidx.text.LL_ADC_CommonDeInit) refers to stm32g0xx_ll_adc.o(.text.LL_ADC_CommonDeInit) for [Anonymous Symbol]
    stm32g0xx_ll_adc.o(.ARM.exidx.text.LL_APB2_GRP1_ForceReset) refers to stm32g0xx_ll_adc.o(.text.LL_APB2_GRP1_ForceReset) for [Anonymous Symbol]
    stm32g0xx_ll_adc.o(.ARM.exidx.text.LL_APB2_GRP1_ReleaseReset) refers to stm32g0xx_ll_adc.o(.text.LL_APB2_GRP1_ReleaseReset) for [Anonymous Symbol]
    stm32g0xx_ll_adc.o(.text.LL_ADC_CommonInit) refers to stm32g0xx_ll_adc.o(.text.LL_ADC_IsEnabled) for LL_ADC_IsEnabled
    stm32g0xx_ll_adc.o(.text.LL_ADC_CommonInit) refers to stm32g0xx_ll_adc.o(.text.LL_ADC_SetCommonClock) for LL_ADC_SetCommonClock
    stm32g0xx_ll_adc.o(.ARM.exidx.text.LL_ADC_CommonInit) refers to stm32g0xx_ll_adc.o(.text.LL_ADC_CommonInit) for [Anonymous Symbol]
    stm32g0xx_ll_adc.o(.ARM.exidx.text.LL_ADC_IsEnabled) refers to stm32g0xx_ll_adc.o(.text.LL_ADC_IsEnabled) for [Anonymous Symbol]
    stm32g0xx_ll_adc.o(.ARM.exidx.text.LL_ADC_SetCommonClock) refers to stm32g0xx_ll_adc.o(.text.LL_ADC_SetCommonClock) for [Anonymous Symbol]
    stm32g0xx_ll_adc.o(.ARM.exidx.text.LL_ADC_CommonStructInit) refers to stm32g0xx_ll_adc.o(.text.LL_ADC_CommonStructInit) for [Anonymous Symbol]
    stm32g0xx_ll_adc.o(.text.LL_ADC_DeInit) refers to stm32g0xx_ll_adc.o(.text.LL_ADC_IsEnabled) for LL_ADC_IsEnabled
    stm32g0xx_ll_adc.o(.text.LL_ADC_DeInit) refers to stm32g0xx_ll_adc.o(.text.LL_ADC_REG_StopConversion) for LL_ADC_REG_StopConversion
    stm32g0xx_ll_adc.o(.text.LL_ADC_DeInit) refers to stm32g0xx_ll_adc.o(.text.LL_ADC_REG_IsStopConversionOngoing) for LL_ADC_REG_IsStopConversionOngoing
    stm32g0xx_ll_adc.o(.text.LL_ADC_DeInit) refers to stm32g0xx_ll_adc.o(.text.LL_ADC_Disable) for LL_ADC_Disable
    stm32g0xx_ll_adc.o(.text.LL_ADC_DeInit) refers to stm32g0xx_ll_adc.o(.text.LL_ADC_IsDisableOngoing) for LL_ADC_IsDisableOngoing
    stm32g0xx_ll_adc.o(.text.LL_ADC_DeInit) refers to stm32g0xx_ll_adc.o(.text.LL_ADC_IsActiveFlag_CCRDY) for LL_ADC_IsActiveFlag_CCRDY
    stm32g0xx_ll_adc.o(.text.LL_ADC_DeInit) refers to stm32g0xx_ll_adc.o(.text.LL_ADC_ClearFlag_CCRDY) for LL_ADC_ClearFlag_CCRDY
    stm32g0xx_ll_adc.o(.ARM.exidx.text.LL_ADC_DeInit) refers to stm32g0xx_ll_adc.o(.text.LL_ADC_DeInit) for [Anonymous Symbol]
    stm32g0xx_ll_adc.o(.ARM.exidx.text.LL_ADC_REG_StopConversion) refers to stm32g0xx_ll_adc.o(.text.LL_ADC_REG_StopConversion) for [Anonymous Symbol]
[...]
    __arm_cp.0_3                             0x08001f94   Number         4  adc.o(.text.MX_ADC1_Init)
    __arm_cp.0_4                             0x08001f98   Number         4  adc.o(.text.MX_ADC1_Init)
    __arm_cp.0_5                             0x08001f9c   Number         4  adc.o(.text.MX_ADC1_Init)
    __arm_cp.0_6                             0x08001fa0   Number         4  adc.o(.text.MX_ADC1_Init)
    [Anonymous Symbol]                       0x08001fa4   Section        0  dma.o(.text.MX_DMA_Init)
    [Anonymous Symbol]                       0x08001fc4   Section        0  gpio.o(.text.MX_GPIO_Init)
    __arm_cp.0_0                             0x08002118   Number         4  gpio.o(.text.MX_GPIO_Init)
    [Anonymous Symbol]                       0x0800211c   Section        0  spi.o(.text.MX_SPI1_Init)
    __arm_cp.0_0                             0x080021c8   Number         4  spi.o(.text.MX_SPI1_Init)
    [Anonymous Symbol]                       0x080021cc   Section        0  tim.o(.text.MX_TIM16_Init)
    __arm_cp.9_0                             0x080022a8   Number         4  tim.o(.text.MX_TIM16_Init)
    __arm_cp.9_2                             0x080022ac   Number         4  tim.o(.text.MX_TIM16_Init)
    __arm_cp.9_3                             0x080022b0   Number         4  tim.o(.text.MX_TIM16_Init)
    [Anonymous Symbol]                       0x080022b4   Section        0  tim.o(.text.MX_TIM2_Init)
    [Anonymous Symbol]                       0x08002370   Section        0  main.o(.text.MainScreen)
    __arm_cp.19_0                            0x08002448   Number         4  main.o(.text.MainScreen)
    __arm_cp.19_1                            0x0800244c   Number         4  main.o(.text.MainScreen)
    __arm_cp.19_2                            0x08002450   Number         4  main.o(.text.MainScreen)
    __arm_cp.19_3                            0x08002454   Number         4  main.o(.text.MainScreen)
    __arm_cp.19_4                            0x08002458   Number         4  main.o(.text.MainScreen)
    __arm_cp.19_5                            0x0800245c   Number         4  main.o(.text.MainScreen)
    __arm_cp.19_6                            0x08002460   Number         4  main.o(.text.MainScreen)
    __arm_cp.19_7                            0x08002464   Number         4  main.o(.text.MainScreen)
    __arm_cp.19_8                            0x08002468   Number         4  main.o(.text.MainScreen)
    __arm_cp.19_9                            0x0800246c   Number         4  main.o(.text.MainScreen)
    __arm_cp.19_10                           0x08002470   Number         4  main.o(.text.MainScreen)
    __arm_cp.19_11                           0x08002474   Number         4  main.o(.text.MainScreen)
    __arm_cp.19_12                           0x08002478   Number         4  main.o(.text.MainScreen)
    [Anonymous Symbol]                       0x0800247c   Section        0  stm32g0xx_it.o(.text.NMI_Handler)
    OC1Config                                0x08002481   Thumb Code   216  stm32g0xx_ll_tim.o(.text.OC1Config)
    [Anonymous Symbol]                       0x08002480   Section        0  stm32g0xx_ll_tim.o(.text.OC1Config)
    __arm_cp.13_2                            0x08002558   Number         4  stm32g0xx_ll_tim.o(.text.OC1Config)
    OC2Config                                0x0800255d   Thumb Code   228  stm32g0xx_ll_tim.o(.text.OC2Config)
    [Anonymous Symbol]                       0x0800255c   Section        0  stm32g0xx_ll_tim.o(.text.OC2Config)
    OC3Config                                0x08002641   Thumb Code   224  stm32g0xx_ll_tim.o(.text.OC3Config)
    [Anonymous Symbol]                       0x08002640   Section        0  stm32g0xx_ll_tim.o(.text.OC3Config)
    __arm_cp.15_0                            0x08002720   Number         4  stm32g0xx_ll_tim.o(.text.OC3Config)
    __arm_cp.15_1                            0x08002724   Number         4  stm32g0xx_ll_tim.o(.text.OC3Config)
    OC4Config                                0x08002729   Thumb Code   180  stm32g0xx_ll_tim.o(.text.OC4Config)
    [Anonymous Symbol]                       0x08002728   Section        0  stm32g0xx_ll_tim.o(.text.OC4Config)
    __arm_cp.16_0                            0x080027dc   Number         4  stm32g0xx_ll_tim.o(.text.OC4Config)
    OC5Config                                0x080027e1   Thumb Code   160  stm32g0xx_ll_tim.o(.text.OC5Config)
    [Anonymous Symbol]                       0x080027e0   Section        0  stm32g0xx_ll_tim.o(.text.OC5Config)
    __arm_cp.17_0                            0x08002880   Number         4  stm32g0xx_ll_tim.o(.text.OC5Config)
    __arm_cp.17_1                            0x08002884   Number         4  stm32g0xx_ll_tim.o(.text.OC5Config)
    __arm_cp.17_2                            0x08002888   Number         4  stm32g0xx_ll_tim.o(.text.OC5Config)
    __arm_cp.17_3                            0x0800288c   Number         4  stm32g0xx_ll_tim.o(.text.OC5Config)
    __arm_cp.17_4                            0x08002890   Number         4  stm32g0xx_ll_tim.o(.text.OC5Config)
    OC6Config                                0x08002895   Thumb Code   160  stm32g0xx_ll_tim.o(.text.OC6Config)
    [Anonymous Symbol]                       0x08002894   Section        0  stm32g0xx_ll_tim.o(.text.OC6Config)
    __arm_cp.18_0                            0x08002934   Number         4  stm32g0xx_ll_tim.o(.text.OC6Config)
    __arm_cp.18_1                            0x08002938   Number         4  stm32g0xx_ll_tim.o(.text.OC6Config)
    __arm_cp.18_2                            0x0800293c   Number         4  stm32g0xx_ll_tim.o(.text.OC6Config)
    __arm_cp.18_3                            0x08002940   Number         4  stm32g0xx_ll_tim.o(.text.OC6Config)
    __arm_cp.18_4                            0x08002944   Number         4  stm32g0xx_ll_tim.o(.text.OC6Config)
    [Anonymous Symbol]                       0x08002948   Section        0  stm32g0xx_it.o(.text.PendSV_Handler)
    [Anonymous Symbol]                       0x0800294a   Section        0  SEGGER_RTT.o(.text.SEGGER_RTT_Init)
    [Anonymous Symbol]                       0x08002954   Section        0  SEGGER_RTT.o(.text.SEGGER_RTT_Write)
    [Anonymous Symbol]                       0x0800299c   Section        0  SEGGER_RTT.o(.text.SEGGER_RTT_WriteNoLock)
    __arm_cp.11_0                            0x08002a48   Number         4  SEGGER_RTT.o(.text.SEGGER_RTT_WriteNoLock)
    [Anonymous Symbol]                       0x08002a4c   Section        0  SEGGER_RTT_printf.o(.text.SEGGER_RTT_printf)
    [Anonymous Symbol]                       0x08002a78   Section        0  SEGGER_RTT_printf.o(.text.SEGGER_RTT_vprintf)
    __arm_cp.0_0                             0x08002f54   Number         4  SEGGER_RTT_printf.o(.text.SEGGER_RTT_vprintf)
    [Anonymous Symbol]                       0x08002f58   Section        0  main.o(.text.SystemClock_Config)
    __arm_cp.6_0                             0x08002fd8   Number         4  main.o(.text.SystemClock_Config)
    [Anonymous Symbol]                       0x08002fdc   Section        0  system_stm32g0xx.o(.text.SystemInit)
    _DoInit                                  0x08002fe1   Thumb Code   128  SEGGER_RTT.o(.text._DoInit)
    [Anonymous Symbol]                       0x08002fe0   Section        0  SEGGER_RTT.o(.text._DoInit)
    __arm_cp.1_0                             0x08003060   Number         4  SEGGER_RTT.o(.text._DoInit)
    __arm_cp.1_1                             0x08003064   Number         4  SEGGER_RTT.o(.text._DoInit)
    __arm_cp.1_2                             0x08003068   Number         4  SEGGER_RTT.o(.text._DoInit)
    __arm_cp.1_3                             0x0800306c   Number         4  SEGGER_RTT.o(.text._DoInit)
    __arm_cp.1_4                             0x08003070   Number         4  SEGGER_RTT.o(.text._DoInit)
    _GetAvailWriteSpace                      0x08003075   Thumb Code    62  SEGGER_RTT.o(.text._GetAvailWriteSpace)
    [Anonymous Symbol]                       0x08003074   Section        0  SEGGER_RTT.o(.text._GetAvailWriteSpace)
    _PrintInt                                0x080030b3   Thumb Code   482  SEGGER_RTT_printf.o(.text._PrintInt)
    [Anonymous Symbol]                       0x080030b2   Section        0  SEGGER_RTT_printf.o(.text._PrintInt)
    _PrintUnsigned                           0x08003295   Thumb Code   452  SEGGER_RTT_printf.o(.text._PrintUnsigned)
    [Anonymous Symbol]                       0x08003294   Section        0  SEGGER_RTT_printf.o(.text._PrintUnsigned)
    __arm_cp.3_0                             0x08003458   Number         4  SEGGER_RTT_printf.o(.text._PrintUnsigned)
    _StoreChar                               0x0800345d   Thumb Code   116  SEGGER_RTT_printf.o(.text._StoreChar)
    [Anonymous Symbol]                       0x0800345c   Section        0  SEGGER_RTT_printf.o(.text._StoreChar)
    _WriteBlocking                           0x080034d1   Thumb Code   224  SEGGER_RTT.o(.text._WriteBlocking)
    [Anonymous Symbol]                       0x080034d0   Section        0  SEGGER_RTT.o(.text._WriteBlocking)
    _WriteNoCheck                            0x080035b1   Thumb Code   132  SEGGER_RTT.o(.text._WriteNoCheck)
    [Anonymous Symbol]                       0x080035b0   Section        0  SEGGER_RTT.o(.text._WriteNoCheck)
    __NVIC_EnableIRQ                         0x08003635   Thumb Code    40  dma.o(.text.__NVIC_EnableIRQ)
    [Anonymous Symbol]                       0x08003634   Section        0  dma.o(.text.__NVIC_EnableIRQ)
    __NVIC_EnableIRQ                         0x0800365d   Thumb Code    40  gpio.o(.text.__NVIC_EnableIRQ)
    [Anonymous Symbol]                       0x0800365c   Section        0  gpio.o(.text.__NVIC_EnableIRQ)
    __arm_cp.7_0                             0x08003684   Number         4  gpio.o(.text.__NVIC_EnableIRQ)
    __NVIC_SetPriority                       0x08003689   Thumb Code   124  dma.o(.text.__NVIC_SetPriority)
    [Anonymous Symbol]                       0x08003688   Section        0  dma.o(.text.__NVIC_SetPriority)
    __NVIC_SetPriority                       0x08003705   Thumb Code   124  gpio.o(.text.__NVIC_SetPriority)
    [Anonymous Symbol]                       0x08003704   Section        0  gpio.o(.text.__NVIC_SetPriority)
    __NVIC_SetPriority                       0x08003781   Thumb Code   124  main.o(.text.__NVIC_SetPriority)
    [Anonymous Symbol]                       0x08003780   Section        0  main.o(.text.__NVIC_SetPriority)
    __arm_cp.5_0                             0x080037fc   Number         4  main.o(.text.__NVIC_SetPriority)
    __arm_cp.5_1                             0x08003800   Number         4  main.o(.text.__NVIC_SetPriority)
    [Anonymous Symbol]                       0x08003804   Section        0  main.o(.text.getChipTemp)
    __arm_cp.18_0                            0x0800386c   Number         4  main.o(.text.getChipTemp)
    __arm_cp.18_1                            0x08003870   Number         4  main.o(.text.getChipTemp)
    __arm_cp.18_3                            0x08003874   Number         4  main.o(.text.getChipTemp)
    __arm_cp.18_4                            0x08003878   Number         4  main.o(.text.getChipTemp)
    __arm_cp.18_5                            0x0800387c   Number         4  main.o(.text.getChipTemp)
    __arm_cp.18_6                            0x08003880   Number         4  main.o(.text.getChipTemp)
    [Anonymous Symbol]                       0x08003884   Section        0  main.o(.text.main)
    __arm_cp.2_0                             0x0800397c   Number         4  main.o(.text.main)
    __arm_cp.2_1                             0x08003980   Number         4  main.o(.text.main)
    __arm_cp.2_2                             0x08003984   Number         4  main.o(.text.main)
    __arm_cp.2_3                             0x08003988   Number         4  main.o(.text.main)
    __arm_cp.2_4                             0x0800398c   Number         4  main.o(.text.main)
    __arm_cp.2_5                             0x08003990   Number         4  main.o(.text.main)
    __arm_cp.2_6                             0x08003994   Number         4  main.o(.text.main)
    __arm_cp.2_7                             0x08003998   Number         4  main.o(.text.main)
    __arm_cp.2_8                             0x0800399c   Number         4  main.o(.text.main)
    __arm_cp.2_9                             0x080039a0   Number         4  main.o(.text.main)
    __arm_cp.2_10                            0x080039a4   Number         4  main.o(.text.main)
    [Anonymous Symbol]                       0x080039a8   Section        0  u8g2_buffer.o(.text.u8g2_ClearBuffer)
    [Anonymous Symbol]                       0x080039d8   Section        0  u8g2_font.o(.text.u8g2_DrawGlyph)
    [Anonymous Symbol]                       0x08003a6e   Section        0  u8g2_hvline.o(.text.u8g2_DrawHVLine)
    [Anonymous Symbol]                       0x08003b98   Section        0  u8g2_font.o(.text.u8g2_DrawStr)
    __arm_cp.26_0                            0x08003bc8   Number         4  u8g2_font.o(.text.u8g2_DrawStr)
    [Anonymous Symbol]                       0x08003bcc   Section        0  u8g2_buffer.o(.text.u8g2_FirstPage)
    [Anonymous Symbol]                       0x08003bf2   Section        0  u8g2_intersection.o(.text.u8g2_IsIntersection)
    [Anonymous Symbol]                       0x08003c56   Section        0  u8g2_buffer.o(.text.u8g2_NextPage)
    [Anonymous Symbol]                       0x08003cc2   Section        0  u8g2_buffer.o(.text.u8g2_SetBufferCurrTileRow)
    [Anonymous Symbol]                       0x08003ce8   Section        0  u8g2_font.o(.text.u8g2_SetFont)
    [Anonymous Symbol]                       0x08003d18   Section        0  u8g2_font.o(.text.u8g2_SetFontDirection)
    [Anonymous Symbol]                       0x08003d2c   Section        0  u8g2_font.o(.text.u8g2_SetFontMode)
    [Anonymous Symbol]                       0x08003d40   Section        0  u8g2_font.o(.text.u8g2_SetFontPosBaseline)
    __arm_cp.39_0                            0x08003d50   Number         4  u8g2_font.o(.text.u8g2_SetFontPosBaseline)
    [Anonymous Symbol]                       0x08003d54   Section        0  u8g2_setup.o(.text.u8g2_SetMaxClipWindow)
    __arm_cp.0_0                             0x08003d84   Number         4  u8g2_setup.o(.text.u8g2_SetMaxClipWindow)
    [Anonymous Symbol]                       0x08003d88   Section        0  u8g2_setup.o(.text.u8g2_SetupBuffer)
    [Anonymous Symbol]                       0x08003e00   Section        0  u8g2_d_setup.o(.text.u8g2_Setup_ssd1306_128x64_noname_f)
    __arm_cp.0_0                             0x08003e3c   Number         4  u8g2_d_setup.o(.text.u8g2_Setup_ssd1306_128x64_noname_f)
    __arm_cp.0_1                             0x08003e40   Number         4  u8g2_d_setup.o(.text.u8g2_Setup_ssd1306_128x64_noname_f)
    __arm_cp.0_2                             0x08003e44   Number         4  u8g2_d_setup.o(.text.u8g2_Setup_ssd1306_128x64_noname_f)
    [Anonymous Symbol]                       0x08003e48   Section        0  u8g2_font.o(.text.u8g2_UpdateRefHeight)
    [Anonymous Symbol]                       0x08003f0e   Section        0  u8g2_font.o(.text.u8g2_add_vector_x)
    [Anonymous Symbol]                       0x08003f84   Section        0  u8g2_font.o(.text.u8g2_add_vector_y)
    u8g2_apply_clip_window                   0x08003ffb   Thumb Code   172  u8g2_setup.o(.text.u8g2_apply_clip_window)
    [Anonymous Symbol]                       0x08003ffa   Section        0  u8g2_setup.o(.text.u8g2_apply_clip_window)
    u8g2_clip_intersection2                  0x080040a7   Thumb Code   214  u8g2_hvline.o(.text.u8g2_clip_intersection2)
    [Anonymous Symbol]                       0x080040a6   Section        0  u8g2_hvline.o(.text.u8g2_clip_intersection2)
    [Anonymous Symbol]                       0x0800417c   Section        0  u8g2_hvline.o(.text.u8g2_draw_hv_line_2dir)
    [Anonymous Symbol]                       0x080041ba   Section        0  u8g2_setup.o(.text.u8g2_draw_l90_r0)
    u8g2_draw_string                         0x080041f1   Thumb Code   208  u8g2_font.o(.text.u8g2_draw_string)
    [Anonymous Symbol]                       0x080041f0   Section        0  u8g2_font.o(.text.u8g2_draw_string)
    __arm_cp.27_0                            0x080042c0   Number         4  u8g2_font.o(.text.u8g2_draw_string)
    __arm_cp.27_1                            0x080042c4   Number         4  u8g2_font.o(.text.u8g2_draw_string)
    [Anonymous Symbol]                       0x080042c8   Section        0  u8g2_font.o(.text.u8g2_font_calc_vref_font)
    [Anonymous Symbol]                       0x080042d2   Section        0  u8g2_font.o(.text.u8g2_font_decode_get_signed_bits)
    [Anonymous Symbol]                       0x08004318   Section        0  u8g2_font.o(.text.u8g2_font_decode_get_unsigned_bits)
    [Anonymous Symbol]                       0x080043a0   Section        0  u8g2_font.o(.text.u8g2_font_decode_glyph)
    [Anonymous Symbol]                       0x080045dc   Section        0  u8g2_font.o(.text.u8g2_font_decode_len)
    u8g2_font_draw_glyph                     0x0800471f   Thumb Code    80  u8g2_font.o(.text.u8g2_font_draw_glyph)
    [Anonymous Symbol]                       0x0800471e   Section        0  u8g2_font.o(.text.u8g2_font_draw_glyph)
    u8g2_font_get_byte                       0x0800476f   Thumb Code    24  u8g2_font.o(.text.u8g2_font_get_byte)
    [Anonymous Symbol]                       0x0800476e   Section        0  u8g2_font.o(.text.u8g2_font_get_byte)
    [Anonymous Symbol]                       0x08004786   Section        0  u8g2_font.o(.text.u8g2_font_get_glyph_data)
    u8g2_font_get_word                       0x0800489d   Thumb Code    52  u8g2_font.o(.text.u8g2_font_get_word)
    [Anonymous Symbol]                       0x0800489c   Section        0  u8g2_font.o(.text.u8g2_font_get_word)
    u8g2_font_setup_decode                   0x080048d1   Thumb Code    82  u8g2_font.o(.text.u8g2_font_setup_decode)
    [Anonymous Symbol]                       0x080048d0   Section        0  u8g2_font.o(.text.u8g2_font_setup_decode)
    [Anonymous Symbol]                       0x08004922   Section        0  u8g2_intersection.o(.text.u8g2_is_intersection_decision_tree)
    [Anonymous Symbol]                       0x080049b6   Section        0  u8g2_ll_hvline.o(.text.u8g2_ll_hvline_vertical_top_lsb)
    [Anonymous Symbol]                       0x08004b1c   Section        0  u8g2_d_memory.o(.text.u8g2_m_16_8_f)
    __arm_cp.0_0                             0x08004b2c   Number         4  u8g2_d_memory.o(.text.u8g2_m_16_8_f)
    [Anonymous Symbol]                       0x08004b30   Section        0  u8g2_font.o(.text.u8g2_read_font_info)
    u8g2_send_buffer                         0x08004c2d   Thumb Code   142  u8g2_buffer.o(.text.u8g2_send_buffer)
    [Anonymous Symbol]                       0x08004c2c   Section        0  u8g2_buffer.o(.text.u8g2_send_buffer)
    u8g2_send_tile_row                       0x08004cbb   Thumb Code    84  u8g2_buffer.o(.text.u8g2_send_tile_row)
    [Anonymous Symbol]                       0x08004cba   Section        0  u8g2_buffer.o(.text.u8g2_send_tile_row)
    u8g2_update_dimension_common             0x08004d0f   Thumb Code   174  u8g2_setup.o(.text.u8g2_update_dimension_common)
    [Anonymous Symbol]                       0x08004d0e   Section        0  u8g2_setup.o(.text.u8g2_update_dimension_common)
    [Anonymous Symbol]                       0x08004dbc   Section        0  u8g2_setup.o(.text.u8g2_update_dimension_r0)
    [Anonymous Symbol]                       0x08004dcc   Section        0  u8g2_setup.o(.text.u8g2_update_page_win_r0)
    [Anonymous Symbol]                       0x08004e02   Section        0  u8x8_display.o(.text.u8x8_DrawTile)
    [Anonymous Symbol]                       0x08004e36   Section        0  u8x8_display.o(.text.u8x8_InitDisplay)
    [Anonymous Symbol]                       0x08004e4c   Section        0  u8x8_display.o(.text.u8x8_RefreshDisplay)
    [Anonymous Symbol]                       0x08004e62   Section        0  u8x8_display.o(.text.u8x8_SetPowerSave)
    [Anonymous Symbol]                       0x08004e82   Section        0  u8x8_setup.o(.text.u8x8_Setup)
    [Anonymous Symbol]                       0x08004eb8   Section        0  u8x8_setup.o(.text.u8x8_SetupDefaults)
    __arm_cp.2_0                             0x08004ef8   Number         4  u8x8_setup.o(.text.u8x8_SetupDefaults)
    [Anonymous Symbol]                       0x08004efc   Section        0  u8x8_display.o(.text.u8x8_SetupMemory)
    [Anonymous Symbol]                       0x08004f14   Section        0  u8x8_8x8.o(.text.u8x8_ascii_next)
    __arm_cp.9_0                             0x08004f48   Number         4  u8x8_8x8.o(.text.u8x8_ascii_next)
    [Anonymous Symbol]                       0x08004f4c   Section        0  oled_driver.o(.text.u8x8_byte_4wire_hw_spi)
    __arm_cp.3_0                             0x08005028   Number         4  oled_driver.o(.text.u8x8_byte_4wire_hw_spi)
    [Anonymous Symbol]                       0x0800502c   Section        0  u8x8_byte.o(.text.u8x8_byte_SendByte)
    [Anonymous Symbol]                       0x08005042   Section        0  u8x8_byte.o(.text.u8x8_byte_SendBytes)
    [Anonymous Symbol]                       0x08005064   Section        0  u8x8_byte.o(.text.u8x8_byte_SetDC)
    [Anonymous Symbol]                       0x08005084   Section        0  u8x8_cad.o(.text.u8x8_cad_001)
    [Anonymous Symbol]                       0x08005120   Section        0  u8x8_cad.o(.text.u8x8_cad_EndTransfer)
    [Anonymous Symbol]                       0x08005136   Section        0  u8x8_cad.o(.text.u8x8_cad_SendArg)
    [Anonymous Symbol]                       0x08005156   Section        0  u8x8_cad.o(.text.u8x8_cad_SendCmd)
    [Anonymous Symbol]                       0x08005176   Section        0  u8x8_cad.o(.text.u8x8_cad_SendData)
    [Anonymous Symbol]                       0x08005198   Section        0  u8x8_cad.o(.text.u8x8_cad_SendSequence)
    [Anonymous Symbol]                       0x0800523c   Section        0  u8x8_cad.o(.text.u8x8_cad_StartTransfer)
    [Anonymous Symbol]                       0x08005252   Section        0  u8x8_display.o(.text.u8x8_d_helper_display_init)
    [Anonymous Symbol]                       0x080052be   Section        0  u8x8_display.o(.text.u8x8_d_helper_display_setup_memory)
    [Anonymous Symbol]                       0x080052d8   Section        0  u8x8_d_ssd1306_128x64_noname.o(.text.u8x8_d_ssd1306_128x64_noname)
    __arm_cp.0_0                             0x08005350   Number         4  u8x8_d_ssd1306_128x64_noname.o(.text.u8x8_d_ssd1306_128x64_noname)
    __arm_cp.0_1                             0x08005354   Number         4  u8x8_d_ssd1306_128x64_noname.o(.text.u8x8_d_ssd1306_128x64_noname)
    u8x8_d_ssd1306_sh1106_generic            0x08005359   Thumb Code   344  u8x8_d_ssd1306_128x64_noname.o(.text.u8x8_d_ssd1306_sh1106_generic)
    [Anonymous Symbol]                       0x08005358   Section        0  u8x8_d_ssd1306_128x64_noname.o(.text.u8x8_d_ssd1306_sh1106_generic)
    __arm_cp.1_0                             0x080054b0   Number         4  u8x8_d_ssd1306_128x64_noname.o(.text.u8x8_d_ssd1306_sh1106_generic)
    __arm_cp.1_1                             0x080054b4   Number         4  u8x8_d_ssd1306_128x64_noname.o(.text.u8x8_d_ssd1306_sh1106_generic)
    __arm_cp.1_2                             0x080054b8   Number         4  u8x8_d_ssd1306_128x64_noname.o(.text.u8x8_d_ssd1306_sh1106_generic)
    __arm_cp.1_3                             0x080054bc   Number         4  u8x8_d_ssd1306_128x64_noname.o(.text.u8x8_d_ssd1306_sh1106_generic)
    [Anonymous Symbol]                       0x080054c0   Section        0  u8x8_setup.o(.text.u8x8_dummy_cb)
    [Anonymous Symbol]                       0x080054d6   Section        0  u8x8_gpio.o(.text.u8x8_gpio_call)
    [Anonymous Symbol]                       0x080054fc   Section        0  oled_driver.o(.text.u8x8_stm32_gpio_and_delay)
    [Anonymous Symbol]                       0x080055fa   Section        0  u8x8_8x8.o(.text.u8x8_utf8_init)
    i.__0sprintf                             0x0800560c   Section        0  printfa.o(i.__0sprintf)
    i.__ARM_clz                              0x08005634   Section        0  depilogue.o(i.__ARM_clz)
    i.__scatterload_copy                     0x08005662   Section       14  handlers.o(i.__scatterload_copy)
    i.__scatterload_null                     0x08005670   Section        2  handlers.o(i.__scatterload_null)
    i.__scatterload_zeroinit                 0x08005672   Section       14  handlers.o(i.__scatterload_zeroinit)
    _fp_digits                               0x08005681   Thumb Code   344  printfa.o(i._fp_digits)
    i._fp_digits                             0x08005680   Section        0  printfa.o(i._fp_digits)
    _printf_core                             0x080057f5   Thumb Code  1754  printfa.o(i._printf_core)
    i._printf_core                           0x080057f4   Section        0  printfa.o(i._printf_core)
    _printf_post_padding                     0x08005ee1   Thumb Code    32  printfa.o(i._printf_post_padding)
    i._printf_post_padding                   0x08005ee0   Section        0  printfa.o(i._printf_post_padding)
    _printf_pre_padding                      0x08005f01   Thumb Code    44  printfa.o(i._printf_pre_padding)
    i._printf_pre_padding                    0x08005f00   Section        0  printfa.o(i._printf_pre_padding)
    _sputc                                   0x08005f2d   Thumb Code    10  printfa.o(i._sputc)
    i._sputc                                 0x08005f2c   Section        0  printfa.o(i._sputc)
    CHANNEL_OFFSET_TAB                       0x08005f36   Data           5  adc.o(.rodata.CHANNEL_OFFSET_TAB)
    [Anonymous Symbol]                       0x08005f36   Section        0  adc.o(.rodata.CHANNEL_OFFSET_TAB)
    CHANNEL_OFFSET_TAB                       0x08005f3b   Data           5  main.o(.rodata.CHANNEL_OFFSET_TAB)
    [Anonymous Symbol]                       0x08005f3b   Section        0  main.o(.rodata.CHANNEL_OFFSET_TAB)
    OFFSET_TAB_CCMRx                         0x08005f40   Data           9  tim.o(.rodata.OFFSET_TAB_CCMRx)
    [Anonymous Symbol]                       0x08005f40   Section        0  tim.o(.rodata.OFFSET_TAB_CCMRx)
    SHIFT_TAB_OCxx                           0x08005f49   Data           9  tim.o(.rodata.SHIFT_TAB_OCxx)
    [Anonymous Symbol]                       0x08005f49   Section        0  tim.o(.rodata.SHIFT_TAB_OCxx)
    _DoInit._aInitStr                        0x08005f52   Data          17  SEGGER_RTT.o(.rodata._DoInit._aInitStr)
    [Anonymous Symbol]                       0x08005f52   Section        0  SEGGER_RTT.o(.rodata._DoInit._aInitStr)
    _PrintUnsigned._aV2C                     0x08005f63   Data          16  SEGGER_RTT_printf.o(.rodata._PrintUnsigned._aV2C)
    [Anonymous Symbol]                       0x08005f63   Section        0  SEGGER_RTT_printf.o(.rodata._PrintUnsigned._aV2C)
    [Anonymous Symbol]                       0x08005f73   Section        0  SEGGER_RTT.o(.rodata.str1.1)
    [Anonymous Symbol]                       0x08005f7c   Section        0  main.o(.rodata.str1.1)
    u8x8_d_ssd1306_128x64_noname_flip0_seq   0x080088fc   Data           7  u8x8_d_ssd1306_128x64_noname.o(.rodata.u8x8_d_ssd1306_128x64_noname_flip0_seq)
    [Anonymous Symbol]                       0x080088fc   Section        0  u8x8_d_ssd1306_128x64_noname.o(.rodata.u8x8_d_ssd1306_128x64_noname_flip0_seq)
    u8x8_d_ssd1306_128x64_noname_flip1_seq   0x08008903   Data           7  u8x8_d_ssd1306_128x64_noname.o(.rodata.u8x8_d_ssd1306_128x64_noname_flip1_seq)
    [Anonymous Symbol]                       0x08008903   Section        0  u8x8_d_ssd1306_128x64_noname.o(.rodata.u8x8_d_ssd1306_128x64_noname_flip1_seq)
    u8x8_d_ssd1306_128x64_noname_init_seq    0x0800890a   Data          53  u8x8_d_ssd1306_128x64_noname.o(.rodata.u8x8_d_ssd1306_128x64_noname_init_seq)
    [Anonymous Symbol]                       0x0800890a   Section        0  u8x8_d_ssd1306_128x64_noname.o(.rodata.u8x8_d_ssd1306_128x64_noname_init_seq)
    u8x8_d_ssd1306_128x64_noname_powersave0_seq 0x0800893f   Data           5  u8x8_d_ssd1306_128x64_noname.o(.rodata.u8x8_d_ssd1306_128x64_noname_powersave0_seq)
    [Anonymous Symbol]                       0x0800893f   Section        0  u8x8_d_ssd1306_128x64_noname.o(.rodata.u8x8_d_ssd1306_128x64_noname_powersave0_seq)
    u8x8_d_ssd1306_128x64_noname_powersave1_seq 0x08008944   Data           5  u8x8_d_ssd1306_128x64_noname.o(.rodata.u8x8_d_ssd1306_128x64_noname_powersave1_seq)
    [Anonymous Symbol]                       0x08008944   Section        0  u8x8_d_ssd1306_128x64_noname.o(.rodata.u8x8_d_ssd1306_128x64_noname_powersave1_seq)
    u8x8_ssd1306_128x64_noname_display_info  0x0800894c   Data          24  u8x8_d_ssd1306_128x64_noname.o(.rodata.u8x8_ssd1306_128x64_noname_display_info)
    [Anonymous Symbol]                       0x0800894c   Section        0  u8x8_d_ssd1306_128x64_noname.o(.rodata.u8x8_ssd1306_128x64_noname_display_info)
    _acDownBuffer                            0x200000c0   Data          16  SEGGER_RTT.o(.bss._acDownBuffer)
    [Anonymous Symbol]                       0x200000c0   Section        0  SEGGER_RTT.o(.bss._acDownBuffer)
    _acUpBuffer                              0x200000d0   Data        1024  SEGGER_RTT.o(.bss._acUpBuffer)
    [Anonymous Symbol]                       0x200000d0   Section        0  SEGGER_RTT.o(.bss._acUpBuffer)
    u8g2                                     0x200004d4   Data         148  main.o(.bss.u8g2)
    [Anonymous Symbol]                       0x200004d4   Section        0  main.o(.bss.u8g2)
    u8g2_m_16_8_f.buf                        0x20000568   Data        1024  u8g2_d_memory.o(.bss.u8g2_m_16_8_f.buf)
    [Anonymous Symbol]                       0x20000568   Section        0  u8g2_d_memory.o(.bss.u8g2_m_16_8_f.buf)
    STACK                                    0x20000968   Section     1024  startup_stm32g031xx.o(STACK)

    Global Symbols

    Symbol Name                              Value     Ov Type        Size  Object(Section)

    BuildAttributes$$THM_ISAv3M$S$PE$A:L22$X:L11$S22$IEEE1$IW$~IW$USESV6$~STKCKD$USESV7$~SHL$OTIME$ROPI$EBA8$MICROLIB$REQ8$PRES8$EABIv2 0x00000000   Number         0  anon$$obj.o ABSOLUTE
    __cpp_initialize__aeabi_                  - Undefined Weak Reference
    __cxa_finalize                            - Undefined Weak Reference
    __decompress                              - Undefined Weak Reference
    _clock_init                               - Undefined Weak Reference
    _microlib_exit                            - Undefined Weak Reference
    __Vectors_Size                           0x000000c0   Number         0  startup_stm32g031xx.o ABSOLUTE
    __Vectors                                0x08000000   Data           4  startup_stm32g031xx.o(RESET)
    __Vectors_End                            0x080000c0   Data           0  startup_stm32g031xx.o(RESET)
    __main                                   0x080000c1   Thumb Code     0  entry.o(.ARM.Collect$$$$00000000)
    _main_stk                                0x080000c1   Thumb Code     0  entry2.o(.ARM.Collect$$$$00000001)
    _main_scatterload                        0x080000c5   Thumb Code     0  entry5.o(.ARM.Collect$$$$00000004)
    __main_after_scatterload                 0x080000c9   Thumb Code     0  entry5.o(.ARM.Collect$$$$00000004)
    _main_clock                              0x080000c9   Thumb Code     0  entry7b.o(.ARM.Collect$$$$00000008)
    _main_cpp_init                           0x080000c9   Thumb Code     0  entry8b.o(.ARM.Collect$$$$0000000A)
    _main_init                               0x080000c9   Thumb Code     0  entry9a.o(.ARM.Collect$$$$0000000B)
    __rt_final_cpp                           0x080000d1   Thumb Code     0  entry10a.o(.ARM.Collect$$$$0000000D)
    __rt_final_exit                          0x080000d1   Thumb Code     0  entry11a.o(.ARM.Collect$$$$0000000F)
    Reset_Handler                            0x080000d5   Thumb Code     8  startup_stm32g031xx.o(.text)
    SVC_Handler                              0x080000e1   Thumb Code     2  startup_stm32g031xx.o(.text)
    SysTick_Handler                          0x080000e5   Thumb Code     2  startup_stm32g031xx.o(.text)
    ADC1_IRQHandler                          0x080000e7   Thumb Code     0  startup_stm32g031xx.o(.text)
    DMA1_Ch4_5_DMAMUX1_OVR_IRQHandler        0x080000e7   Thumb Code     0  startup_stm32g031xx.o(.text)
    DMA1_Channel2_3_IRQHandler               0x080000e7   Thumb Code     0  startup_stm32g031xx.o(.text)
    EXTI0_1_IRQHandler                       0x080000e7   Thumb Code     0  startup_stm32g031xx.o(.text)
    EXTI4_15_IRQHandler                      0x080000e7   Thumb Code     0  startup_stm32g031xx.o(.text)
    FLASH_IRQHandler                         0x080000e7   Thumb Code     0  startup_stm32g031xx.o(.text)
    I2C1_IRQHandler                          0x080000e7   Thumb Code     0  startup_stm32g031xx.o(.text)
    I2C2_IRQHandler                          0x080000e7   Thumb Code     0  startup_stm32g031xx.o(.text)
    LPTIM1_IRQHandler                        0x080000e7   Thumb Code     0  startup_stm32g031xx.o(.text)
    LPTIM2_IRQHandler                        0x080000e7   Thumb Code     0  startup_stm32g031xx.o(.text)
    LPUART1_IRQHandler                       0x080000e7   Thumb Code     0  startup_stm32g031xx.o(.text)
    PVD_IRQHandler                           0x080000e7   Thumb Code     0  startup_stm32g031xx.o(.text)
    RCC_IRQHandler                           0x080000e7   Thumb Code     0  startup_stm32g031xx.o(.text)
    RTC_TAMP_IRQHandler                      0x080000e7   Thumb Code     0  startup_stm32g031xx.o(.text)
    SPI1_IRQHandler                          0x080000e7   Thumb Code     0  startup_stm32g031xx.o(.text)
    SPI2_IRQHandler                          0x080000e7   Thumb Code     0  startup_stm32g031xx.o(.text)
    TIM14_IRQHandler                         0x080000e7   Thumb Code     0  startup_stm32g031xx.o(.text)
    TIM16_IRQHandler                         0x080000e7   Thumb Code     0  startup_stm32g031xx.o(.text)
    TIM17_IRQHandler                         0x080000e7   Thumb Code     0  startup_stm32g031xx.o(.text)
    TIM1_BRK_UP_TRG_COM_IRQHandler           0x080000e7   Thumb Code     0  startup_stm32g031xx.o(.text)
    TIM1_CC_IRQHandler                       0x080000e7   Thumb Code     0  startup_stm32g031xx.o(.text)
    TIM2_IRQHandler                          0x080000e7   Thumb Code     0  startup_stm32g031xx.o(.text)
    TIM3_IRQHandler                          0x080000e7   Thumb Code     0  startup_stm32g031xx.o(.text)
    USART1_IRQHandler                        0x080000e7   Thumb Code     0  startup_stm32g031xx.o(.text)
    USART2_IRQHandler                        0x080000e7   Thumb Code     0  startup_stm32g031xx.o(.text)
    WWDG_IRQHandler                          0x080000e7   Thumb Code     0  startup_stm32g031xx.o(.text)
    __aeabi_memcpy                           0x080000f1   Thumb Code    36  memcpya.o(.text)
    __aeabi_memcpy4                          0x080000f1   Thumb Code     0  memcpya.o(.text)
    __aeabi_memcpy8                          0x080000f1   Thumb Code     0  memcpya.o(.text)
    __aeabi_memset                           0x08000115   Thumb Code    14  memseta.o(.text)
    __aeabi_memset4                          0x08000115   Thumb Code     0  memseta.o(.text)
    __aeabi_memset8                          0x08000115   Thumb Code     0  memseta.o(.text)
    __aeabi_memclr                           0x08000123   Thumb Code     4  memseta.o(.text)
    __aeabi_memclr4                          0x08000123   Thumb Code     0  memseta.o(.text)
    __aeabi_memclr8                          0x08000123   Thumb Code     0  memseta.o(.text)
    _memset$wrapper                          0x08000127   Thumb Code    18  memseta.o(.text)
    __aeabi_fmul                             0x08000139   Thumb Code   122  fmul.o(.text)
    __aeabi_fdiv                             0x080001b3   Thumb Code   124  fdiv.o(.text)
    __aeabi_dmul                             0x08000231   Thumb Code   202  dmul.o(.text)
    __aeabi_ui2f                             0x08000301   Thumb Code    14  ffltui.o(.text)
    __aeabi_i2d                              0x08000311   Thumb Code    34  dflti.o(.text)
    __aeabi_f2iz                             0x08000339   Thumb Code    50  ffixi.o(.text)
    __aeabi_f2d                              0x0800036b   Thumb Code    40  f2d.o(.text)
    __aeabi_d2f                              0x08000393   Thumb Code    56  d2f.o(.text)
    __aeabi_uidiv                            0x080003cb   Thumb Code     0  uidiv_div0.o(.text)
    __aeabi_uidivmod                         0x080003cb   Thumb Code    62  uidiv_div0.o(.text)
    __aeabi_idiv                             0x08000409   Thumb Code     0  idiv_div0.o(.text)
    __aeabi_idivmod                          0x08000409   Thumb Code    74  idiv_div0.o(.text)
    __aeabi_uldivmod                         0x08000459   Thumb Code    96  uldiv.o(.text)
    __aeabi_llsr                             0x080004b9   Thumb Code    34  llushr.o(.text)
    _ll_ushift_r                             0x080004b9   Thumb Code     0  llushr.o(.text)
    __I$use$fp                               0x080004db   Thumb Code     0  iusefp.o(.text)
    _float_round                             0x080004db   Thumb Code    16  fepilogue.o(.text)
    _float_epilogue                          0x080004eb   Thumb Code   114  fepilogue.o(.text)
    _double_round                            0x0800055d   Thumb Code    26  depilogue.o(.text)
    _double_epilogue                         0x08000577   Thumb Code   164  depilogue.o(.text)
    __aeabi_dadd                             0x0800061d   Thumb Code   328  dadd.o(.text)
    __aeabi_dsub                             0x08000765   Thumb Code    12  dadd.o(.text)
    __aeabi_drsub                            0x08000771   Thumb Code    12  dadd.o(.text)
    __aeabi_ddiv                             0x08000781   Thumb Code   234  ddiv.o(.text)
    __aeabi_d2ulz                            0x08000871   Thumb Code    54  dfixul.o(.text)
    __aeabi_cdrcmple                         0x080008b1   Thumb Code    38  cdrcmple.o(.text)
    __scatterload                            0x080008d9   Thumb Code    38  init.o(.text)
    __scatterload_rt2                        0x080008d9   Thumb Code     0  init.o(.text)
    __aeabi_llsl                             0x08000909   Thumb Code    32  llshl.o(.text)
    _ll_shift_l                              0x08000909   Thumb Code     0  llshl.o(.text)
    __aeabi_lasr                             0x08000929   Thumb Code    38  llsshr.o(.text)
    _ll_sshift_r                             0x08000929   Thumb Code     0  llsshr.o(.text)
    Activate_ADC                             0x08000951   Thumb Code   172  adc.o(.text.Activate_ADC)
    DMA1_Channel1_IRQHandler                 0x08000a09   Thumb Code     2  stm32g0xx_it.o(.text.DMA1_Channel1_IRQHandler)
    EXTI2_3_IRQHandler                       0x08000a0b   Thumb Code    24  stm32g0xx_it.o(.text.EXTI2_3_IRQHandler)
    GPIO_WriteBit                            0x08000a23   Thumb Code    44  oled_driver.o(.text.GPIO_WriteBit)
    HardFault_Handler                        0x08000a4f   Thumb Code     4  stm32g0xx_it.o(.text.HardFault_Handler)
    LL_ADC_Init                              0x08000ac9   Thumb Code    92  stm32g0xx_ll_adc.o(.text.LL_ADC_Init)
    LL_ADC_REG_Init                          0x08000ba5   Thumb Code   196  stm32g0xx_ll_adc.o(.text.LL_ADC_REG_Init)
    LL_EXTI_Init                             0x08001179   Thumb Code   250  stm32g0xx_ll_exti.o(.text.LL_EXTI_Init)
    LL_GPIO_Init                             0x080012e9   Thumb Code   184  stm32g0xx_ll_gpio.o(.text.LL_GPIO_Init)
    LL_Init1msTick                           0x08001565   Thumb Code    20  stm32g0xx_ll_utils.o(.text.LL_Init1msTick)
    LL_SPI_Init                              0x080016b1   Thumb Code   176  stm32g0xx_ll_spi.o(.text.LL_SPI_Init)
    LL_SetSystemCoreClock                    0x080017fd   Thumb Code    16  stm32g0xx_ll_utils.o(.text.LL_SetSystemCoreClock)
    LL_TIM_BDTR_Init                         0x08001811   Thumb Code   220  stm32g0xx_ll_tim.o(.text.LL_TIM_BDTR_Init)
    LL_TIM_Init                              0x08001969   Thumb Code   224  stm32g0xx_ll_tim.o(.text.LL_TIM_Init)
    LL_TIM_OC_Init                           0x08001c25   Thumb Code   176  stm32g0xx_ll_tim.o(.text.LL_TIM_OC_Init)
    LL_mDelay                                0x08001db5   Thumb Code    72  stm32g0xx_ll_utils.o(.text.LL_mDelay)
    MX_ADC1_Init                             0x08001e01   Thumb Code   392  adc.o(.text.MX_ADC1_Init)
    MX_DMA_Init                              0x08001fa5   Thumb Code    30  dma.o(.text.MX_DMA_Init)
    MX_GPIO_Init                             0x08001fc5   Thumb Code   340  gpio.o(.text.MX_GPIO_Init)
    MX_SPI1_Init                             0x0800211d   Thumb Code   172  spi.o(.text.MX_SPI1_Init)
    MX_TIM16_Init                            0x080021cd   Thumb Code   220  tim.o(.text.MX_TIM16_Init)
    MX_TIM2_Init                             0x080022b5   Thumb Code   188  tim.o(.text.MX_TIM2_Init)
    MainScreen                               0x08002371   Thumb Code   216  main.o(.text.MainScreen)
    NMI_Handler                              0x0800247d   Thumb Code     4  stm32g0xx_it.o(.text.NMI_Handler)
    PendSV_Handler                           0x08002949   Thumb Code     2  stm32g0xx_it.o(.text.PendSV_Handler)
    SEGGER_RTT_Init                          0x0800294b   Thumb Code     8  SEGGER_RTT.o(.text.SEGGER_RTT_Init)
    SEGGER_RTT_Write                         0x08002955   Thumb Code    72  SEGGER_RTT.o(.text.SEGGER_RTT_Write)
    SEGGER_RTT_WriteNoLock                   0x0800299d   Thumb Code   172  SEGGER_RTT.o(.text.SEGGER_RTT_WriteNoLock)
    SEGGER_RTT_printf                        0x08002a4d   Thumb Code    44  SEGGER_RTT_printf.o(.text.SEGGER_RTT_printf)
    SEGGER_RTT_vprintf                       0x08002a79   Thumb Code  1244  SEGGER_RTT_printf.o(.text.SEGGER_RTT_vprintf)
    SystemClock_Config                       0x08002f59   Thumb Code   128  main.o(.text.SystemClock_Config)
    SystemInit                               0x08002fdd   Thumb Code     2  system_stm32g0xx.o(.text.SystemInit)
    getChipTemp                              0x08003805   Thumb Code   104  main.o(.text.getChipTemp)
    main                                     0x08003885   Thumb Code   248  main.o(.text.main)
    u8g2_ClearBuffer                         0x080039a9   Thumb Code    46  u8g2_buffer.o(.text.u8g2_ClearBuffer)
    u8g2_DrawGlyph                           0x080039d9   Thumb Code   150  u8g2_font.o(.text.u8g2_DrawGlyph)
    u8g2_DrawHVLine                          0x08003a6f   Thumb Code   298  u8g2_hvline.o(.text.u8g2_DrawHVLine)
    u8g2_DrawStr                             0x08003b99   Thumb Code    48  u8g2_font.o(.text.u8g2_DrawStr)
    u8g2_FirstPage                           0x08003bcd   Thumb Code    38  u8g2_buffer.o(.text.u8g2_FirstPage)
    u8g2_IsIntersection                      0x08003bf3   Thumb Code   100  u8g2_intersection.o(.text.u8g2_IsIntersection)
    u8g2_NextPage                            0x08003c57   Thumb Code   108  u8g2_buffer.o(.text.u8g2_NextPage)
    u8g2_SetBufferCurrTileRow                0x08003cc3   Thumb Code    38  u8g2_buffer.o(.text.u8g2_SetBufferCurrTileRow)
    u8g2_SetFont                             0x08003ce9   Thumb Code    48  u8g2_font.o(.text.u8g2_SetFont)
    u8g2_SetFontDirection                    0x08003d19   Thumb Code    20  u8g2_font.o(.text.u8g2_SetFontDirection)
    u8g2_SetFontMode                         0x08003d2d   Thumb Code    20  u8g2_font.o(.text.u8g2_SetFontMode)
    u8g2_SetFontPosBaseline                  0x08003d41   Thumb Code    16  u8g2_font.o(.text.u8g2_SetFontPosBaseline)
    u8g2_SetMaxClipWindow                    0x08003d55   Thumb Code    48  u8g2_setup.o(.text.u8g2_SetMaxClipWindow)
    u8g2_SetupBuffer                         0x08003d89   Thumb Code   120  u8g2_setup.o(.text.u8g2_SetupBuffer)
    u8g2_Setup_ssd1306_128x64_noname_f       0x08003e01   Thumb Code    60  u8g2_d_setup.o(.text.u8g2_Setup_ssd1306_128x64_noname_f)
    u8g2_UpdateRefHeight                     0x08003e49   Thumb Code   198  u8g2_font.o(.text.u8g2_UpdateRefHeight)
    u8g2_add_vector_x                        0x08003f0f   Thumb Code   118  u8g2_font.o(.text.u8g2_add_vector_x)
    u8g2_add_vector_y                        0x08003f85   Thumb Code   118  u8g2_font.o(.text.u8g2_add_vector_y)
    u8g2_draw_hv_line_2dir                   0x0800417d   Thumb Code    62  u8g2_hvline.o(.text.u8g2_draw_hv_line_2dir)
    u8g2_draw_l90_r0                         0x080041bb   Thumb Code    52  u8g2_setup.o(.text.u8g2_draw_l90_r0)
    u8g2_font_calc_vref_font                 0x080042c9   Thumb Code    10  u8g2_font.o(.text.u8g2_font_calc_vref_font)
    u8g2_font_decode_get_signed_bits         0x080042d3   Thumb Code    70  u8g2_font.o(.text.u8g2_font_decode_get_signed_bits)
    u8g2_font_decode_get_unsigned_bits       0x08004319   Thumb Code   136  u8g2_font.o(.text.u8g2_font_decode_get_unsigned_bits)
    u8g2_font_decode_glyph                   0x080043a1   Thumb Code   572  u8g2_font.o(.text.u8g2_font_decode_glyph)
    u8g2_font_decode_len                     0x080045dd   Thumb Code   322  u8g2_font.o(.text.u8g2_font_decode_len)
    u8g2_font_get_glyph_data                 0x08004787   Thumb Code   278  u8g2_font.o(.text.u8g2_font_get_glyph_data)
    u8g2_is_intersection_decision_tree       0x08004923   Thumb Code   148  u8g2_intersection.o(.text.u8g2_is_intersection_decision_tree)
    u8g2_ll_hvline_vertical_top_lsb          0x080049b7   Thumb Code   356  u8g2_ll_hvline.o(.text.u8g2_ll_hvline_vertical_top_lsb)
    u8g2_m_16_8_f                            0x08004b1d   Thumb Code    16  u8g2_d_memory.o(.text.u8g2_m_16_8_f)
    u8g2_read_font_info                      0x08004b31   Thumb Code   252  u8g2_font.o(.text.u8g2_read_font_info)
    u8g2_update_dimension_r0                 0x08004dbd   Thumb Code    16  u8g2_setup.o(.text.u8g2_update_dimension_r0)
    u8g2_update_page_win_r0                  0x08004dcd   Thumb Code    54  u8g2_setup.o(.text.u8g2_update_page_win_r0)
    u8x8_DrawTile                            0x08004e03   Thumb Code    52  u8x8_display.o(.text.u8x8_DrawTile)
    u8x8_InitDisplay                         0x08004e37   Thumb Code    22  u8x8_display.o(.text.u8x8_InitDisplay)
    u8x8_RefreshDisplay                      0x08004e4d   Thumb Code    22  u8x8_display.o(.text.u8x8_RefreshDisplay)
    u8x8_SetPowerSave                        0x08004e63   Thumb Code    32  u8x8_display.o(.text.u8x8_SetPowerSave)
    u8x8_Setup                               0x08004e83   Thumb Code    54  u8x8_setup.o(.text.u8x8_Setup)
    u8x8_SetupDefaults                       0x08004eb9   Thumb Code    64  u8x8_setup.o(.text.u8x8_SetupDefaults)
    u8x8_SetupMemory                         0x08004efd   Thumb Code    22  u8x8_display.o(.text.u8x8_SetupMemory)
    u8x8_ascii_next                          0x08004f15   Thumb Code    52  u8x8_8x8.o(.text.u8x8_ascii_next)
    u8x8_byte_4wire_hw_spi                   0x08004f4d   Thumb Code   220  oled_driver.o(.text.u8x8_byte_4wire_hw_spi)
    u8x8_byte_SendByte                       0x0800502d   Thumb Code    22  u8x8_byte.o(.text.u8x8_byte_SendByte)
    u8x8_byte_SendBytes                      0x08005043   Thumb Code    34  u8x8_byte.o(.text.u8x8_byte_SendBytes)
    u8x8_byte_SetDC                          0x08005065   Thumb Code    32  u8x8_byte.o(.text.u8x8_byte_SetDC)
    u8x8_cad_001                             0x08005085   Thumb Code   156  u8x8_cad.o(.text.u8x8_cad_001)
    u8x8_cad_EndTransfer                     0x08005121   Thumb Code    22  u8x8_cad.o(.text.u8x8_cad_EndTransfer)
    u8x8_cad_SendArg                         0x08005137   Thumb Code    32  u8x8_cad.o(.text.u8x8_cad_SendArg)
    u8x8_cad_SendCmd                         0x08005157   Thumb Code    32  u8x8_cad.o(.text.u8x8_cad_SendCmd)
    u8x8_cad_SendData                        0x08005177   Thumb Code    34  u8x8_cad.o(.text.u8x8_cad_SendData)
    u8x8_cad_SendSequence                    0x08005199   Thumb Code   164  u8x8_cad.o(.text.u8x8_cad_SendSequence)
    u8x8_cad_StartTransfer                   0x0800523d   Thumb Code    22  u8x8_cad.o(.text.u8x8_cad_StartTransfer)
    u8x8_d_helper_display_init               0x08005253   Thumb Code   108  u8x8_display.o(.text.u8x8_d_helper_display_init)
    u8x8_d_helper_display_setup_memory       0x080052bf   Thumb Code    26  u8x8_display.o(.text.u8x8_d_helper_display_setup_memory)
    u8x8_d_ssd1306_128x64_noname             0x080052d9   Thumb Code   120  u8x8_d_ssd1306_128x64_noname.o(.text.u8x8_d_ssd1306_128x64_noname)
    u8x8_dummy_cb                            0x080054c1   Thumb Code    22  u8x8_setup.o(.text.u8x8_dummy_cb)
    u8x8_gpio_call                           0x080054d7   Thumb Code    38  u8x8_gpio.o(.text.u8x8_gpio_call)
    u8x8_stm32_gpio_and_delay                0x080054fd   Thumb Code   254  oled_driver.o(.text.u8x8_stm32_gpio_and_delay)
    u8x8_utf8_init                           0x080055fb   Thumb Code    16  u8x8_8x8.o(.text.u8x8_utf8_init)
    __0sprintf                               0x0800560d   Thumb Code    36  printfa.o(i.__0sprintf)
    __1sprintf                               0x0800560d   Thumb Code     0  printfa.o(i.__0sprintf)
    __2sprintf                               0x0800560d   Thumb Code     0  printfa.o(i.__0sprintf)
    __c89sprintf                             0x0800560d   Thumb Code     0  printfa.o(i.__0sprintf)
    sprintf                                  0x0800560d   Thumb Code     0  printfa.o(i.__0sprintf)
    __ARM_clz                                0x08005635   Thumb Code    46  depilogue.o(i.__ARM_clz)
    __scatterload_copy                       0x08005663   Thumb Code    14  handlers.o(i.__scatterload_copy)
    __scatterload_null                       0x08005671   Thumb Code     2  handlers.o(i.__scatterload_null)
    __scatterload_zeroinit                   0x08005673   Thumb Code    14  handlers.o(i.__scatterload_zeroinit)
    u8g2_cb_r0                               0x08006154   Data          12  u8g2_setup.o(.rodata.u8g2_cb_r0)
    u8g2_font_9x15_te                        0x08006160   Data        9690  u8g2_fonts.o(.rodata.u8g2_font_9x15_te)
    u8g2_font_freedoomr25_mn                 0x0800873a   Data         450  u8g2_fonts.o(.rodata.u8g2_font_freedoomr25_mn)
    Region$$Table$$Base                      0x08008964   Number         0  anon$$obj.o(Region$$Table)
    Region$$Table$$Limit                     0x08008984   Number         0  anon$$obj.o(Region$$Table)
    SystemCoreClock                          0x20000000   Data           4  system_stm32g0xx.o(.data.SystemCoreClock)
    encoder_value                            0x20000004   Data           2  main.o(.data.encoder_value)
    ADC_Buf                                  0x20000008   Data           8  main.o(.bss.ADC_Buf)
    ChipTemp                                 0x20000010   Data           8  main.o(.bss.ChipTemp)
    _SEGGER_RTT                              0x20000018   Data         168  SEGGER_RTT.o(.bss._SEGGER_RTT)
    tim_last                                 0x200004d0   Data           2  main.o(.bss.tim_last)
    __initial_sp                             0x20000d68   Data           0  startup_stm32g031xx.o(STACK)



==============================================================================

Memory Map of the image

  Image Entry point : 0x080000c1

  Load Region LR_IROM1 (Base: 0x08000000, Size: 0x00008990, Max: 0x00010000, ABSOLUTE)

    Execution Region ER_IROM1 (Exec base: 0x08000000, Load base: 0x08000000, Size: 0x00008984, Max: 0x00010000, ABSOLUTE)

    Exec Addr    Load Addr    Size         Type   Attr      Idx    E Section Name        Object

    0x08000000   0x08000000   0x000000c0   Data   RO            3    RESET               startup_stm32g031xx.o
    0x080000c0   0x080000c0   0x00000000   Code   RO         4163  * .ARM.Collect$$$$00000000  mc_p.l(entry.o)
    0x080000c0   0x080000c0   0x00000004   Code   RO         4236    .ARM.Collect$$$$00000001  mc_p.l(entry2.o)
    0x080000c4   0x080000c4   0x00000004   Code   RO         4239    .ARM.Collect$$$$00000004  mc_p.l(entry5.o)
    0x080000c8   0x080000c8   0x00000000   Code   RO         4241    .ARM.Collect$$$$00000008  mc_p.l(entry7b.o)
    0x080000c8   0x080000c8   0x00000000   Code   RO         4243    .ARM.Collect$$$$0000000A  mc_p.l(entry8b.o)
    0x080000c8   0x080000c8   0x00000008   Code   RO         4244    .ARM.Collect$$$$0000000B  mc_p.l(entry9a.o)
    0x080000d0   0x080000d0   0x00000000   Code   RO         4246    .ARM.Collect$$$$0000000D  mc_p.l(entry10a.o)
    0x080000d0   0x080000d0   0x00000000   Code   RO         4248    .ARM.Collect$$$$0000000F  mc_p.l(entry11a.o)
    0x080000d0   0x080000d0   0x00000004   Code   RO         4237    .ARM.Collect$$$$00002712  mc_p.l(entry2.o)
    0x080000d4   0x080000d4   0x0000001c   Code   RO            4    .text               startup_stm32g031xx.o
    0x080000f0   0x080000f0   0x00000024   Code   RO         4178    .text               mc_p.l(memcpya.o)
    0x08000114   0x08000114   0x00000024   Code   RO         4180    .text               mc_p.l(memseta.o)
    0x08000138   0x08000138   0x0000007a   Code   RO         4214    .text               mf_p.l(fmul.o)
    0x080001b2   0x080001b2   0x0000007c   Code   RO         4216    .text               mf_p.l(fdiv.o)
    0x0800022e   0x0800022e   0x00000002   PAD
    0x08000230   0x08000230   0x000000d0   Code   RO         4218    .text               mf_p.l(dmul.o)
    0x08000300   0x08000300   0x0000000e   Code   RO         4222    .text               mf_p.l(ffltui.o)
    0x0800030e   0x0800030e   0x00000002   PAD
    0x08000310   0x08000310   0x00000028   Code   RO         4224    .text               mf_p.l(dflti.o)
    0x08000338   0x08000338   0x00000032   Code   RO         4228    .text               mf_p.l(ffixi.o)
    0x0800036a   0x0800036a   0x00000028   Code   RO         4232    .text               mf_p.l(f2d.o)
    0x08000392   0x08000392   0x00000038   Code   RO         4234    .text               mf_p.l(d2f.o)
    0x080003ca   0x080003ca   0x0000003e   Code   RO         4252    .text               mc_p.l(uidiv_div0.o)
    0x08000408   0x08000408   0x00000050   Code   RO         4254    .text               mc_p.l(idiv_div0.o)
    0x08000458   0x08000458   0x00000060   Code   RO         4258    .text               mc_p.l(uldiv.o)
    0x080004b8   0x080004b8   0x00000022   Code   RO         4260    .text               mc_p.l(llushr.o)
    0x080004da   0x080004da   0x00000000   Code   RO         4262    .text               mc_p.l(iusefp.o)
    0x080004da   0x080004da   0x00000082   Code   RO         4263    .text               mf_p.l(fepilogue.o)
    0x0800055c   0x0800055c   0x000000be   Code   RO         4265    .text               mf_p.l(depilogue.o)
    0x0800061a   0x0800061a   0x00000002   PAD
    0x0800061c   0x0800061c   0x00000164   Code   RO         4269    .text               mf_p.l(dadd.o)
    0x08000780   0x08000780   0x000000f0   Code   RO         4271    .text               mf_p.l(ddiv.o)
    0x08000870   0x08000870   0x00000040   Code   RO         4273    .text               mf_p.l(dfixul.o)
    0x080008b0   0x080008b0   0x00000028   Code   RO         4275    .text               mf_p.l(cdrcmple.o)
    0x080008d8   0x080008d8   0x00000030   Code   RO         4277    .text               mc_p.l(init.o)
    0x08000908   0x08000908   0x00000020   Code   RO         4279    .text               mc_p.l(llshl.o)
    0x08000928   0x08000928   0x00000026   Code   RO         4281    .text               mc_p.l(llsshr.o)
    0x0800094e   0x0800094e   0x00000002   PAD
    0x08000950   0x08000950   0x000000b8   Code   RO          611    .text.Activate_ADC  adc.o
    0x08000a08   0x08000a08   0x00000002   Code   RO          884    .text.DMA1_Channel1_IRQHandler  stm32g0xx_it.o
    0x08000a0a   0x08000a0a   0x00000018   Code   RO          878    .text.EXTI2_3_IRQHandler  stm32g0xx_it.o
    0x08000a22   0x08000a22   0x0000002c   Code   RO          827    .text.GPIO_WriteBit  oled_driver.o
    0x08000a4e   0x08000a4e   0x00000004   Code   RO          874    .text.HardFault_Handler  stm32g0xx_it.o
    0x08000a52   0x08000a52   0x00000010   Code   RO          599    .text.LL_ADC_ClearFlag_CCRDY  adc.o
    0x08000a62   0x08000a62   0x0000000e   Code   RO          689    .text.LL_ADC_DMA_GetRegAddr  main.o
    0x08000a70   0x08000a70   0x00000012   Code   RO          605    .text.LL_ADC_DisableIT_EOC  adc.o
    0x08000a82   0x08000a82   0x00000012   Code   RO          607    .text.LL_ADC_DisableIT_EOS  adc.o
    0x08000a94   0x08000a94   0x00000018   Code   RO          623    .text.LL_ADC_Enable  adc.o
    0x08000aac   0x08000aac   0x0000001c   Code   RO          609    .text.LL_ADC_EnableInternalRegulator  adc.o
    0x08000ac8   0x08000ac8   0x00000060   Code   RO           57    .text.LL_ADC_Init   stm32g0xx_ll_adc.o
    0x08000b28   0x08000b28   0x00000010   Code   RO          625    .text.LL_ADC_IsActiveFlag_ADRDY  adc.o
    0x08000b38   0x08000b38   0x00000014   Code   RO          597    .text.LL_ADC_IsActiveFlag_CCRDY  adc.o
    0x08000b4c   0x08000b4c   0x00000014   Code   RO          621    .text.LL_ADC_IsCalibrationOnGoing  adc.o
    0x08000b60   0x08000b60   0x00000010   Code   RO           37    .text.LL_ADC_IsEnabled  stm32g0xx_ll_adc.o
    0x08000b70   0x08000b70   0x00000010   Code   RO          613    .text.LL_ADC_IsEnabled  adc.o
    0x08000b80   0x08000b80   0x00000010   Code   RO          615    .text.LL_ADC_REG_GetDMATransfer  adc.o
    0x08000b90   0x08000b90   0x00000012   Code   RO           63    .text.LL_ADC_REG_GetSequencerConfigurable  stm32g0xx_ll_adc.o
    0x08000ba2   0x08000ba2   0x00000002   PAD
    0x08000ba4   0x08000ba4   0x000000c8   Code   RO           61    .text.LL_ADC_REG_Init  stm32g0xx_ll_adc.o
    0x08000c6c   0x08000c6c   0x0000001a   Code   RO          617    .text.LL_ADC_REG_SetDMATransfer  adc.o
    0x08000c86   0x08000c86   0x0000001a   Code   RO          707    .text.LL_ADC_REG_SetDMATransfer  main.o
    0x08000ca0   0x08000ca0   0x0000001c   Code   RO          595    .text.LL_ADC_REG_SetSequencerChAdd  adc.o
    0x08000cbc   0x08000cbc   0x0000001c   Code   RO          587    .text.LL_ADC_REG_SetSequencerConfigurable  adc.o
    0x08000cd8   0x08000cd8   0x00000014   Code   RO           65    .text.LL_ADC_REG_SetSequencerLength  stm32g0xx_ll_adc.o
    0x08000cec   0x08000cec   0x0000001a   Code   RO          589    .text.LL_ADC_REG_SetSequencerScanDirection  adc.o
    0x08000d06   0x08000d06   0x00000002   PAD
    0x08000d08   0x08000d08   0x0000001c   Code   RO          705    .text.LL_ADC_REG_StartConversion  main.o
    0x08000d24   0x08000d24   0x0000001c   Code   RO          601    .text.LL_ADC_SetCommonPathInternalCh  adc.o
    0x08000d40   0x08000d40   0x0000001a   Code   RO          591    .text.LL_ADC_SetOverSamplingScope  adc.o
    0x08000d5a   0x08000d5a   0x00000026   Code   RO          603    .text.LL_ADC_SetSamplingTimeCommonChannels  adc.o
    0x08000d80   0x08000d80   0x0000001c   Code   RO          593    .text.LL_ADC_SetTriggerFrequencyMode  adc.o
    0x08000d9c   0x08000d9c   0x0000001a   Code   RO          619    .text.LL_ADC_StartCalibration  adc.o
    0x08000db6   0x08000db6   0x00000002   PAD
    0x08000db8   0x08000db8   0x00000020   Code   RO          637    .text.LL_AHB1_GRP1_EnableClock  dma.o
    0x08000dd8   0x08000dd8   0x0000001c   Code   RO          681    .text.LL_APB1_GRP1_EnableClock  main.o
    0x08000df4   0x08000df4   0x00000020   Code   RO          909    .text.LL_APB1_GRP1_EnableClock  tim.o
    0x08000e14   0x08000e14   0x0000001c   Code   RO          567    .text.LL_APB2_GRP1_EnableClock  adc.o
    0x08000e30   0x08000e30   0x0000001c   Code   RO          679    .text.LL_APB2_GRP1_EnableClock  main.o
    0x08000e4c   0x08000e4c   0x0000001c   Code   RO          857    .text.LL_APB2_GRP1_EnableClock  spi.o
    0x08000e68   0x08000e68   0x00000020   Code   RO          927    .text.LL_APB2_GRP1_EnableClock  tim.o
    0x08000e88   0x08000e88   0x00000058   Code   RO          687    .text.LL_DMA_ConfigAddresses  main.o
    0x08000ee0   0x08000ee0   0x00000020   Code   RO          693    .text.LL_DMA_EnableChannel  main.o
    0x08000f00   0x08000f00   0x0000002c   Code   RO          575    .text.LL_DMA_SetChannelPriorityLevel  adc.o
    0x08000f2c   0x08000f2c   0x00000038   Code   RO          691    .text.LL_DMA_SetDataLength  main.o
    0x08000f64   0x08000f64   0x00000030   Code   RO          573    .text.LL_DMA_SetDataTransferDirection  adc.o
    0x08000f94   0x08000f94   0x0000002c   Code   RO          581    .text.LL_DMA_SetMemoryIncMode  adc.o
    0x08000fc0   0x08000fc0   0x0000002c   Code   RO          585    .text.LL_DMA_SetMemorySize  adc.o
    0x08000fec   0x08000fec   0x0000002c   Code   RO          577    .text.LL_DMA_SetMode  adc.o
    0x08001018   0x08001018   0x0000002c   Code   RO          579    .text.LL_DMA_SetPeriphIncMode  adc.o
    0x08001044   0x08001044   0x00000044   Code   RO          571    .text.LL_DMA_SetPeriphRequest  adc.o
    0x08001088   0x08001088   0x00000030   Code   RO          583    .text.LL_DMA_SetPeriphSize  adc.o
    0x080010b8   0x080010b8   0x00000010   Code   RO          882    .text.LL_EXTI_ClearRisingFlag_0_31  stm32g0xx_it.o
    0x080010c8   0x080010c8   0x00000014   Code   RO          118    .text.LL_EXTI_DisableEvent_0_31  stm32g0xx_ll_exti.o
    0x080010dc   0x080010dc   0x00000014   Code   RO          126    .text.LL_EXTI_DisableFallingTrig_0_31  stm32g0xx_ll_exti.o
    0x080010f0   0x080010f0   0x00000014   Code   RO          122    .text.LL_EXTI_DisableIT_0_31  stm32g0xx_ll_exti.o
    0x08001104   0x08001104   0x00000014   Code   RO          130    .text.LL_EXTI_DisableRisingTrig_0_31  stm32g0xx_ll_exti.o
    0x08001118   0x08001118   0x00000018   Code   RO          124    .text.LL_EXTI_EnableEvent_0_31  stm32g0xx_ll_exti.o
    0x08001130   0x08001130   0x00000018   Code   RO          132    .text.LL_EXTI_EnableFallingTrig_0_31  stm32g0xx_ll_exti.o
    0x08001148   0x08001148   0x00000018   Code   RO          120    .text.LL_EXTI_EnableIT_0_31  stm32g0xx_ll_exti.o
    0x08001160   0x08001160   0x00000018   Code   RO          128    .text.LL_EXTI_EnableRisingTrig_0_31  stm32g0xx_ll_exti.o
    0x08001178   0x08001178   0x000000fa   Code   RO          116    .text.LL_EXTI_Init  stm32g0xx_ll_exti.o
    0x08001272   0x08001272   0x00000002   PAD
    0x08001274   0x08001274   0x0000001c   Code   RO          880    .text.LL_EXTI_IsActiveRisingFlag_0_31  stm32g0xx_it.o
    0x08001290   0x08001290   0x00000030   Code   RO          656    .text.LL_EXTI_SetEXTISource  gpio.o
    0x080012c0   0x080012c0   0x0000000c   Code   RO          715    .text.LL_FLASH_GetLatency  main.o
    0x080012cc   0x080012cc   0x0000001c   Code   RO          713    .text.LL_FLASH_SetLatency  main.o
    0x080012e8   0x080012e8   0x000000b8   Code   RO          149    .text.LL_GPIO_Init  stm32g0xx_ll_gpio.o
    0x080013a0   0x080013a0   0x00000010   Code   RO          654    .text.LL_GPIO_ResetOutputPin  gpio.o
    0x080013b0   0x080013b0   0x00000010   Code   RO          831    .text.LL_GPIO_ResetOutputPin  oled_driver.o
    0x080013c0   0x080013c0   0x00000026   Code   RO          157    .text.LL_GPIO_SetAFPin_0_7  stm32g0xx_ll_gpio.o
    0x080013e6   0x080013e6   0x00000028   Code   RO          159    .text.LL_GPIO_SetAFPin_8_15  stm32g0xx_ll_gpio.o
    0x0800140e   0x0800140e   0x00000010   Code   RO          829    .text.LL_GPIO_SetOutputPin  oled_driver.o
    0x0800141e   0x0800141e   0x00000024   Code   RO          161    .text.LL_GPIO_SetPinMode  stm32g0xx_ll_gpio.o
    0x08001442   0x08001442   0x00000024   Code   RO          660    .text.LL_GPIO_SetPinMode  gpio.o
    0x08001466   0x08001466   0x0000001e   Code   RO          153    .text.LL_GPIO_SetPinOutputType  stm32g0xx_ll_gpio.o
    0x08001484   0x08001484   0x00000024   Code   RO          155    .text.LL_GPIO_SetPinPull  stm32g0xx_ll_gpio.o
    0x080014a8   0x080014a8   0x00000024   Code   RO          658    .text.LL_GPIO_SetPinPull  gpio.o
    0x080014cc   0x080014cc   0x00000024   Code   RO          151    .text.LL_GPIO_SetPinSpeed  stm32g0xx_ll_gpio.o
    0x080014f0   0x080014f0   0x0000001c   Code   RO          569    .text.LL_IOP_GRP1_EnableClock  adc.o
    0x0800150c   0x0800150c   0x0000001c   Code   RO          652    .text.LL_IOP_GRP1_EnableClock  gpio.o
    0x08001528   0x08001528   0x0000001c   Code   RO          859    .text.LL_IOP_GRP1_EnableClock  spi.o
    0x08001544   0x08001544   0x00000020   Code   RO          923    .text.LL_IOP_GRP1_EnableClock  tim.o
    0x08001564   0x08001564   0x00000014   Code   RO          400    .text.LL_Init1msTick  stm32g0xx_ll_utils.o
    0x08001578   0x08001578   0x00000034   Code   RO          402    .text.LL_InitTick   stm32g0xx_ll_utils.o
    0x080015ac   0x080015ac   0x0000000c   Code   RO          733    .text.LL_RCC_GetSysClkSource  main.o
    0x080015b8   0x080015b8   0x00000010   Code   RO          717    .text.LL_RCC_HSI_Enable  main.o
    0x080015c8   0x080015c8   0x00000010   Code   RO          719    .text.LL_RCC_HSI_IsReady  main.o
    0x080015d8   0x080015d8   0x00000030   Code   RO          721    .text.LL_RCC_PLL_ConfigDomain_SYS  main.o
    0x08001608   0x08001608   0x00000010   Code   RO          723    .text.LL_RCC_PLL_Enable  main.o
    0x08001618   0x08001618   0x00000014   Code   RO          725    .text.LL_RCC_PLL_EnableDomain_SYS  main.o
    0x0800162c   0x0800162c   0x00000014   Code   RO          727    .text.LL_RCC_PLL_IsReady  main.o
    0x08001640   0x08001640   0x00000018   Code   RO          729    .text.LL_RCC_SetAHBPrescaler  main.o
    0x08001658   0x08001658   0x00000018   Code   RO          735    .text.LL_RCC_SetAPB1Prescaler  main.o
    0x08001670   0x08001670   0x0000001c   Code   RO          731    .text.LL_RCC_SetSysClkSource  main.o
    0x0800168c   0x0800168c   0x00000012   Code   RO          863    .text.LL_SPI_DisableNSSPulseMgt  spi.o
    0x0800169e   0x0800169e   0x00000012   Code   RO          835    .text.LL_SPI_Enable  oled_driver.o
    0x080016b0   0x080016b0   0x000000b8   Code   RO          290    .text.LL_SPI_Init   stm32g0xx_ll_spi.o
    0x08001768   0x08001768   0x00000010   Code   RO          841    .text.LL_SPI_IsActiveFlag_BSY  oled_driver.o
    0x08001778   0x08001778   0x00000012   Code   RO          837    .text.LL_SPI_IsActiveFlag_TXE  oled_driver.o
    0x0800178a   0x0800178a   0x00000012   Code   RO          292    .text.LL_SPI_IsEnabled  stm32g0xx_ll_spi.o
    0x0800179c   0x0800179c   0x00000012   Code   RO          296    .text.LL_SPI_SetCRCPolynomial  stm32g0xx_ll_spi.o
    0x080017ae   0x080017ae   0x0000001c   Code   RO          294    .text.LL_SPI_SetRxFIFOThreshold  stm32g0xx_ll_spi.o
    0x080017ca   0x080017ca   0x0000001a   Code   RO          861    .text.LL_SPI_SetStandard  spi.o
    0x080017e4   0x080017e4   0x00000018   Code   RO          839    .text.LL_SPI_TransmitData8  oled_driver.o
    0x080017fc   0x080017fc   0x00000014   Code   RO          406    .text.LL_SetSystemCoreClock  stm32g0xx_ll_utils.o
    0x08001810   0x08001810   0x000000dc   Code   RO          381    .text.LL_TIM_BDTR_Init  stm32g0xx_ll_tim.o
    0x080018ec   0x080018ec   0x00000014   Code   RO          697    .text.LL_TIM_CC_EnableChannel  main.o
    0x08001900   0x08001900   0x00000012   Code   RO          911    .text.LL_TIM_DisableARRPreload  tim.o
    0x08001912   0x08001912   0x00000012   Code   RO          699    .text.LL_TIM_DisableCounter  main.o
    0x08001924   0x08001924   0x00000012   Code   RO          921    .text.LL_TIM_DisableMasterSlaveMode  tim.o
    0x08001936   0x08001936   0x00000014   Code   RO          695    .text.LL_TIM_EnableAllOutputs  main.o
    0x0800194a   0x0800194a   0x00000012   Code   RO          337    .text.LL_TIM_GenerateEvent_UPDATE  stm32g0xx_ll_tim.o
    0x0800195c   0x0800195c   0x0000000c   Code   RO          703    .text.LL_TIM_GetCounter  main.o
    0x08001968   0x08001968   0x000000f4   Code   RO          329    .text.LL_TIM_Init   stm32g0xx_ll_tim.o
    0x08001a5c   0x08001a5c   0x000000e0   Code   RO          917    .text.LL_TIM_OC_DisableFast  tim.o
    0x08001b3c   0x08001b3c   0x000000e8   Code   RO          915    .text.LL_TIM_OC_EnablePreload  tim.o
    0x08001c24   0x08001c24   0x000000b0   Code   RO          341    .text.LL_TIM_OC_Init  stm32g0xx_ll_tim.o
    0x08001cd4   0x08001cd4   0x00000010   Code   RO          383    .text.LL_TIM_OC_SetCompareCH1  stm32g0xx_ll_tim.o
    0x08001ce4   0x08001ce4   0x00000010   Code   RO          377    .text.LL_TIM_OC_SetCompareCH2  stm32g0xx_ll_tim.o
    0x08001cf4   0x08001cf4   0x00000010   Code   RO          385    .text.LL_TIM_OC_SetCompareCH3  stm32g0xx_ll_tim.o
    0x08001d04   0x08001d04   0x00000010   Code   RO          387    .text.LL_TIM_OC_SetCompareCH4  stm32g0xx_ll_tim.o
    0x08001d14   0x08001d14   0x00000014   Code   RO          389    .text.LL_TIM_OC_SetCompareCH5  stm32g0xx_ll_tim.o
    0x08001d28   0x08001d28   0x00000010   Code   RO          391    .text.LL_TIM_OC_SetCompareCH6  stm32g0xx_ll_tim.o
    0x08001d38   0x08001d38   0x00000010   Code   RO          331    .text.LL_TIM_SetAutoReload  stm32g0xx_ll_tim.o
    0x08001d48   0x08001d48   0x00000020   Code   RO          913    .text.LL_TIM_SetClockSource  tim.o
    0x08001d68   0x08001d68   0x00000010   Code   RO          701    .text.LL_TIM_SetCounter  main.o
    0x08001d78   0x08001d78   0x00000010   Code   RO          333    .text.LL_TIM_SetPrescaler  stm32g0xx_ll_tim.o
    0x08001d88   0x08001d88   0x00000010   Code   RO          335    .text.LL_TIM_SetRepetitionCounter  stm32g0xx_ll_tim.o
    0x08001d98   0x08001d98   0x0000001a   Code   RO          919    .text.LL_TIM_SetTriggerOutput  tim.o
    0x08001db2   0x08001db2   0x00000002   PAD
    0x08001db4   0x08001db4   0x0000004c   Code   RO          404    .text.LL_mDelay     stm32g0xx_ll_utils.o
    0x08001e00   0x08001e00   0x000001a4   Code   RO          565    .text.MX_ADC1_Init  adc.o
    0x08001fa4   0x08001fa4   0x0000001e   Code   RO          635    .text.MX_DMA_Init   dma.o
    0x08001fc2   0x08001fc2   0x00000002   PAD
    0x08001fc4   0x08001fc4   0x00000158   Code   RO          650    .text.MX_GPIO_Init  gpio.o
    0x0800211c   0x0800211c   0x000000b0   Code   RO          855    .text.MX_SPI1_Init  spi.o
    0x080021cc   0x080021cc   0x000000e8   Code   RO          925    .text.MX_TIM16_Init  tim.o
    0x080022b4   0x080022b4   0x000000bc   Code   RO          907    .text.MX_TIM2_Init  tim.o
    0x08002370   0x08002370   0x0000010c   Code   RO          711    .text.MainScreen    main.o
    0x0800247c   0x0800247c   0x00000004   Code   RO          872    .text.NMI_Handler   stm32g0xx_it.o
    0x08002480   0x08002480   0x000000dc   Code   RO          343    .text.OC1Config     stm32g0xx_ll_tim.o
    0x0800255c   0x0800255c   0x000000e4   Code   RO          345    .text.OC2Config     stm32g0xx_ll_tim.o
    0x08002640   0x08002640   0x000000e8   Code   RO          347    .text.OC3Config     stm32g0xx_ll_tim.o
    0x08002728   0x08002728   0x000000b8   Code   RO          349    .text.OC4Config     stm32g0xx_ll_tim.o
    0x080027e0   0x080027e0   0x000000b4   Code   RO          351    .text.OC5Config     stm32g0xx_ll_tim.o
    0x08002894   0x08002894   0x000000b4   Code   RO          353    .text.OC6Config     stm32g0xx_ll_tim.o
    0x08002948   0x08002948   0x00000002   Code   RO          876    .text.PendSV_Handler  stm32g0xx_it.o
    0x0800294a   0x0800294a   0x00000008   Code   RO          521    .text.SEGGER_RTT_Init  SEGGER_RTT.o
    0x08002952   0x08002952   0x00000002   PAD
    0x08002954   0x08002954   0x00000048   Code   RO          485    .text.SEGGER_RTT_Write  SEGGER_RTT.o
    0x0800299c   0x0800299c   0x000000b0   Code   RO          481    .text.SEGGER_RTT_WriteNoLock  SEGGER_RTT.o
    0x08002a4c   0x08002a4c   0x0000002c   Code   RO          555    .text.SEGGER_RTT_printf  SEGGER_RTT_printf.o
    0x08002a78   0x08002a78   0x000004e0   Code   RO          547    .text.SEGGER_RTT_vprintf  SEGGER_RTT_printf.o
    0x08002f58   0x08002f58   0x00000084   Code   RO          685    .text.SystemClock_Config  main.o
    0x08002fdc   0x08002fdc   0x00000002   Code   RO          893    .text.SystemInit    system_stm32g0xx.o
    0x08002fde   0x08002fde   0x00000002   PAD
    0x08002fe0   0x08002fe0   0x00000094   Code   RO          461    .text._DoInit       SEGGER_RTT.o
    0x08003074   0x08003074   0x0000003e   Code   RO          475    .text._GetAvailWriteSpace  SEGGER_RTT.o
    0x080030b2   0x080030b2   0x000001e2   Code   RO          551    .text._PrintInt     SEGGER_RTT_printf.o
    0x08003294   0x08003294   0x000001c8   Code   RO          553    .text._PrintUnsigned  SEGGER_RTT_printf.o
    0x0800345c   0x0800345c   0x00000074   Code   RO          549    .text._StoreChar    SEGGER_RTT_printf.o
    0x080034d0   0x080034d0   0x000000e0   Code   RO          479    .text._WriteBlocking  SEGGER_RTT.o
    0x080035b0   0x080035b0   0x00000084   Code   RO          477    .text._WriteNoCheck  SEGGER_RTT.o
    0x08003634   0x08003634   0x00000028   Code   RO          641    .text.__NVIC_EnableIRQ  dma.o
    0x0800365c   0x0800365c   0x0000002c   Code   RO          664    .text.__NVIC_EnableIRQ  gpio.o
    0x08003688   0x08003688   0x0000007c   Code   RO          639    .text.__NVIC_SetPriority  dma.o
    0x08003704   0x08003704   0x0000007c   Code   RO          662    .text.__NVIC_SetPriority  gpio.o
    0x08003780   0x08003780   0x00000084   Code   RO          683    .text.__NVIC_SetPriority  main.o
    0x08003804   0x08003804   0x00000080   Code   RO          709    .text.getChipTemp   main.o
    0x08003884   0x08003884   0x00000124   Code   RO          677    .text.main          main.o
    0x080039a8   0x080039a8   0x0000002e   Code   RO         1218    .text.u8g2_ClearBuffer  u8g2_buffer.o
    0x080039d6   0x080039d6   0x00000002   PAD
    0x080039d8   0x080039d8   0x00000096   Code   RO         1362    .text.u8g2_DrawGlyph  u8g2_font.o
    0x08003a6e   0x08003a6e   0x0000012a   Code   RO         3387    .text.u8g2_DrawHVLine  u8g2_hvline.o
    0x08003b98   0x08003b98   0x00000034   Code   RO         1370    .text.u8g2_DrawStr  u8g2_font.o
    0x08003bcc   0x08003bcc   0x00000026   Code   RO         1226    .text.u8g2_FirstPage  u8g2_buffer.o
    0x08003bf2   0x08003bf2   0x00000064   Code   RO         3417    .text.u8g2_IsIntersection  u8g2_intersection.o
    0x08003c56   0x08003c56   0x0000006c   Code   RO         1228    .text.u8g2_NextPage  u8g2_buffer.o
    0x08003cc2   0x08003cc2   0x00000026   Code   RO         1224    .text.u8g2_SetBufferCurrTileRow  u8g2_buffer.o
    0x08003ce8   0x08003ce8   0x00000030   Code   RO         1410    .text.u8g2_SetFont  u8g2_font.o
    0x08003d18   0x08003d18   0x00000014   Code   RO         1426    .text.u8g2_SetFontDirection  u8g2_font.o
    0x08003d2c   0x08003d2c   0x00000014   Code   RO         1360    .text.u8g2_SetFontMode  u8g2_font.o
    0x08003d40   0x08003d40   0x00000014   Code   RO         1396    .text.u8g2_SetFontPosBaseline  u8g2_font.o
    0x08003d54   0x08003d54   0x00000034   Code   RO         3525    .text.u8g2_SetMaxClipWindow  u8g2_setup.o
    0x08003d88   0x08003d88   0x00000078   Code   RO         3529    .text.u8g2_SetupBuffer  u8g2_setup.o
    0x08003e00   0x08003e00   0x00000048   Code   RO         1310    .text.u8g2_Setup_ssd1306_128x64_noname_f  u8g2_d_setup.o
    0x08003e48   0x08003e48   0x000000c6   Code   RO         1386    .text.u8g2_UpdateRefHeight  u8g2_font.o
    0x08003f0e   0x08003f0e   0x00000076   Code   RO         1342    .text.u8g2_add_vector_x  u8g2_font.o
    0x08003f84   0x08003f84   0x00000076   Code   RO         1340    .text.u8g2_add_vector_y  u8g2_font.o
    0x08003ffa   0x08003ffa   0x000000ac   Code   RO         3541    .text.u8g2_apply_clip_window  u8g2_setup.o
    0x080040a6   0x080040a6   0x000000d6   Code   RO         3389    .text.u8g2_clip_intersection2  u8g2_hvline.o
    0x0800417c   0x0800417c   0x0000003e   Code   RO         3385    .text.u8g2_draw_hv_line_2dir  u8g2_hvline.o
    0x080041ba   0x080041ba   0x00000034   Code   RO         3555    .text.u8g2_draw_l90_r0  u8g2_setup.o
    0x080041ee   0x080041ee   0x00000002   PAD
    0x080041f0   0x080041f0   0x000000d8   Code   RO         1372    .text.u8g2_draw_string  u8g2_font.o
    0x080042c8   0x080042c8   0x0000000a   Code   RO         1394    .text.u8g2_font_calc_vref_font  u8g2_font.o
    0x080042d2   0x080042d2   0x00000046   Code   RO         1338    .text.u8g2_font_decode_get_signed_bits  u8g2_font.o
    0x08004318   0x08004318   0x00000088   Code   RO         1336    .text.u8g2_font_decode_get_unsigned_bits  u8g2_font.o
    0x080043a0   0x080043a0   0x0000023c   Code   RO         1348    .text.u8g2_font_decode_glyph  u8g2_font.o
    0x080045dc   0x080045dc   0x00000142   Code   RO         1344    .text.u8g2_font_decode_len  u8g2_font.o
    0x0800471e   0x0800471e   0x00000050   Code   RO         1364    .text.u8g2_font_draw_glyph  u8g2_font.o
    0x0800476e   0x0800476e   0x00000018   Code   RO         1320    .text.u8g2_font_get_byte  u8g2_font.o
    0x08004786   0x08004786   0x00000116   Code   RO         1354    .text.u8g2_font_get_glyph_data  u8g2_font.o
    0x0800489c   0x0800489c   0x00000034   Code   RO         1322    .text.u8g2_font_get_word  u8g2_font.o
    0x080048d0   0x080048d0   0x00000052   Code   RO         1350    .text.u8g2_font_setup_decode  u8g2_font.o
    0x08004922   0x08004922   0x00000094   Code   RO         3415    .text.u8g2_is_intersection_decision_tree  u8g2_intersection.o
    0x080049b6   0x080049b6   0x00000164   Code   RO         3445    .text.u8g2_ll_hvline_vertical_top_lsb  u8g2_ll_hvline.o
    0x08004b1a   0x08004b1a   0x00000002   PAD
    0x08004b1c   0x08004b1c   0x00000014   Code   RO         1301    .text.u8g2_m_16_8_f  u8g2_d_memory.o
    0x08004b30   0x08004b30   0x000000fc   Code   RO         1318    .text.u8g2_read_font_info  u8g2_font.o
    0x08004c2c   0x08004c2c   0x0000008e   Code   RO         1222    .text.u8g2_send_buffer  u8g2_buffer.o
    0x08004cba   0x08004cba   0x00000054   Code   RO         1242    .text.u8g2_send_tile_row  u8g2_buffer.o
    0x08004d0e   0x08004d0e   0x000000ae   Code   RO         3537    .text.u8g2_update_dimension_common  u8g2_setup.o
    0x08004dbc   0x08004dbc   0x00000010   Code   RO         3535    .text.u8g2_update_dimension_r0  u8g2_setup.o
    0x08004dcc   0x08004dcc   0x00000036   Code   RO         3539    .text.u8g2_update_page_win_r0  u8g2_setup.o
    0x08004e02   0x08004e02   0x00000034   Code   RO         3891    .text.u8x8_DrawTile  u8x8_display.o
    0x08004e36   0x08004e36   0x00000016   Code   RO         3897    .text.u8x8_InitDisplay  u8x8_display.o
    0x08004e4c   0x08004e4c   0x00000016   Code   RO         3905    .text.u8x8_RefreshDisplay  u8x8_display.o
    0x08004e62   0x08004e62   0x00000020   Code   RO         3899    .text.u8x8_SetPowerSave  u8x8_display.o
    0x08004e82   0x08004e82   0x00000036   Code   RO         4109    .text.u8x8_Setup    u8x8_setup.o
    0x08004eb8   0x08004eb8   0x00000044   Code   RO         4107    .text.u8x8_SetupDefaults  u8x8_setup.o
    0x08004efc   0x08004efc   0x00000016   Code   RO         3893    .text.u8x8_SetupMemory  u8x8_display.o
    0x08004f12   0x08004f12   0x00000002   PAD
    0x08004f14   0x08004f14   0x00000038   Code   RO         3666    .text.u8x8_ascii_next  u8x8_8x8.o
    0x08004f4c   0x08004f4c   0x000000e0   Code   RO          833    .text.u8x8_byte_4wire_hw_spi  oled_driver.o
    0x0800502c   0x0800502c   0x00000016   Code   RO         3703    .text.u8x8_byte_SendByte  u8x8_byte.o
    0x08005042   0x08005042   0x00000022   Code   RO         3701    .text.u8x8_byte_SendBytes  u8x8_byte.o
    0x08005064   0x08005064   0x00000020   Code   RO         3699    .text.u8x8_byte_SetDC  u8x8_byte.o
    0x08005084   0x08005084   0x0000009c   Code   RO         3784    .text.u8x8_cad_001  u8x8_cad.o
    0x08005120   0x08005120   0x00000016   Code   RO         3768    .text.u8x8_cad_EndTransfer  u8x8_cad.o
    0x08005136   0x08005136   0x00000020   Code   RO         3760    .text.u8x8_cad_SendArg  u8x8_cad.o
    0x08005156   0x08005156   0x00000020   Code   RO         3758    .text.u8x8_cad_SendCmd  u8x8_cad.o
    0x08005176   0x08005176   0x00000022   Code   RO         3764    .text.u8x8_cad_SendData  u8x8_cad.o
    0x08005198   0x08005198   0x000000a4   Code   RO         3774    .text.u8x8_cad_SendSequence  u8x8_cad.o
    0x0800523c   0x0800523c   0x00000016   Code   RO         3766    .text.u8x8_cad_StartTransfer  u8x8_cad.o
    0x08005252   0x08005252   0x0000006c   Code   RO         3889    .text.u8x8_d_helper_display_init  u8x8_display.o
    0x080052be   0x080052be   0x0000001a   Code   RO         3887    .text.u8x8_d_helper_display_setup_memory  u8x8_display.o
    0x080052d8   0x080052d8   0x00000080   Code   RO         3838    .text.u8x8_d_ssd1306_128x64_noname  u8x8_d_ssd1306_128x64_noname.o
    0x08005358   0x08005358   0x00000168   Code   RO         3840    .text.u8x8_d_ssd1306_sh1106_generic  u8x8_d_ssd1306_128x64_noname.o
    0x080054c0   0x080054c0   0x00000016   Code   RO         4103    .text.u8x8_dummy_cb  u8x8_setup.o
    0x080054d6   0x080054d6   0x00000026   Code   RO         4057    .text.u8x8_gpio_call  u8x8_gpio.o
    0x080054fc   0x080054fc   0x000000fe   Code   RO          843    .text.u8x8_stm32_gpio_and_delay  oled_driver.o
    0x080055fa   0x080055fa   0x00000010   Code   RO         3664    .text.u8x8_utf8_init  u8x8_8x8.o
    0x0800560a   0x0800560a   0x00000002   PAD
    0x0800560c   0x0800560c   0x00000028   Code   RO         4189    i.__0sprintf        mc_p.l(printfa.o)
    0x08005634   0x08005634   0x0000002e   Code   RO         4267    i.__ARM_clz         mf_p.l(depilogue.o)
    0x08005662   0x08005662   0x0000000e   Code   RO         4285    i.__scatterload_copy  mc_p.l(handlers.o)
    0x08005670   0x08005670   0x00000002   Code   RO         4286    i.__scatterload_null  mc_p.l(handlers.o)
    0x08005672   0x08005672   0x0000000e   Code   RO         4287    i.__scatterload_zeroinit  mc_p.l(handlers.o)
    0x08005680   0x08005680   0x00000174   Code   RO         4194    i._fp_digits        mc_p.l(printfa.o)
    0x080057f4   0x080057f4   0x000006ec   Code   RO         4195    i._printf_core      mc_p.l(printfa.o)
    0x08005ee0   0x08005ee0   0x00000020   Code   RO         4196    i._printf_post_padding  mc_p.l(printfa.o)
    0x08005f00   0x08005f00   0x0000002c   Code   RO         4197    i._printf_pre_padding  mc_p.l(printfa.o)
    0x08005f2c   0x08005f2c   0x0000000a   Code   RO         4199    i._sputc            mc_p.l(printfa.o)
    0x08005f36   0x08005f36   0x00000005   Data   RO          627    .rodata.CHANNEL_OFFSET_TAB  adc.o
    0x08005f3b   0x08005f3b   0x00000005   Data   RO          818    .rodata.CHANNEL_OFFSET_TAB  main.o
    0x08005f40   0x08005f40   0x00000009   Data   RO          929    .rodata.OFFSET_TAB_CCMRx  tim.o
    0x08005f49   0x08005f49   0x00000009   Data   RO          930    .rodata.SHIFT_TAB_OCxx  tim.o
    0x08005f52   0x08005f52   0x00000011   Data   RO          536    .rodata._DoInit._aInitStr  SEGGER_RTT.o
    0x08005f63   0x08005f63   0x00000010   Data   RO          557    .rodata._PrintUnsigned._aV2C  SEGGER_RTT_printf.o
    0x08005f73   0x08005f73   0x00000009   Data   RO          537    .rodata.str1.1      SEGGER_RTT.o
    0x08005f7c   0x08005f7c   0x000001d6   Data   RO          760    .rodata.str1.1      main.o
    0x08006152   0x08006152   0x00000002   PAD
    0x08006154   0x08006154   0x0000000c   Data   RO         3569    .rodata.u8g2_cb_r0  u8g2_setup.o
    0x08006160   0x08006160   0x000025da   Data   RO         1598    .rodata.u8g2_font_9x15_te  u8g2_fonts.o
    0x0800873a   0x0800873a   0x000001c2   Data   RO         1457    .rodata.u8g2_font_freedoomr25_mn  u8g2_fonts.o
    0x080088fc   0x080088fc   0x00000007   Data   RO         3865    .rodata.u8x8_d_ssd1306_128x64_noname_flip0_seq  u8x8_d_ssd1306_128x64_noname.o
    0x08008903   0x08008903   0x00000007   Data   RO         3866    .rodata.u8x8_d_ssd1306_128x64_noname_flip1_seq  u8x8_d_ssd1306_128x64_noname.o
    0x0800890a   0x0800890a   0x00000035   Data   RO         3854    .rodata.u8x8_d_ssd1306_128x64_noname_init_seq  u8x8_d_ssd1306_128x64_noname.o
    0x0800893f   0x0800893f   0x00000005   Data   RO         3863    .rodata.u8x8_d_ssd1306_128x64_noname_powersave0_seq  u8x8_d_ssd1306_128x64_noname.o
    0x08008944   0x08008944   0x00000005   Data   RO         3864    .rodata.u8x8_d_ssd1306_128x64_noname_powersave1_seq  u8x8_d_ssd1306_128x64_noname.o
    0x08008949   0x08008949   0x00000003   PAD
    0x0800894c   0x0800894c   0x00000018   Data   RO         3855    .rodata.u8x8_ssd1306_128x64_noname_display_info  u8x8_d_ssd1306_128x64_noname.o
    0x08008964   0x08008964   0x00000020   Data   RO         4284    Region$$Table       anon$$obj.o


    Execution Region RW_IRAM1 (Exec base: 0x20000000, Load base: 0x08008988, Size: 0x00000d68, Max: 0x00002000, ABSOLUTE)

    Exec Addr    Load Addr    Size         Type   Attr      Idx    E Section Name        Object

    0x20000000   0x08008988   0x00000004   Data   RW          897    .data.SystemCoreClock  system_stm32g0xx.o
    0x20000004   0x0800898c   0x00000002   Data   RW          786    .data.encoder_value  main.o
    0x20000006   0x0800898e   0x00000002   PAD
    0x20000008        -       0x00000008   Zero   RW          787    .bss.ADC_Buf        main.o
    0x20000010        -       0x00000008   Zero   RW          792    .bss.ChipTemp       main.o
    0x20000018        -       0x000000a8   Zero   RW          533    .bss._SEGGER_RTT    SEGGER_RTT.o
    0x200000c0        -       0x00000010   Zero   RW          539    .bss._acDownBuffer  SEGGER_RTT.o
    0x200000d0        -       0x00000400   Zero   RW          538    .bss._acUpBuffer    SEGGER_RTT.o
    0x200004d0        -       0x00000002   Zero   RW          791    .bss.tim_last       main.o
    0x200004d2   0x0800898e   0x00000002   PAD
    0x200004d4        -       0x00000094   Zero   RW          790    .bss.u8g2           main.o
    0x20000568        -       0x00000400   Zero   RW         1303    .bss.u8g2_m_16_8_f.buf  u8g2_d_memory.o
    0x20000968        -       0x00000400   Zero   RW            1    STACK               startup_stm32g031xx.o


==============================================================================

Image component sizes


      Code (inc. data)   RO Data    RW Data    ZI Data      Debug   Object Name

       822         24         26          0       1208      13985   SEGGER_RTT.o
      2346        400         16          0          0       4215   SEGGER_RTT_printf.o
      1490         60          5          0          0       8066   adc.o
       226          4          0          0          0       3390   dma.o
       676         12          0          0          0       5122   gpio.o
      1602        164        475          2        166      16162   main.o
       630        200          0          0          0       7111   oled_driver.o
       276          4          0          0          0       3118   spi.o
        28          8        192          0       1024        712   startup_stm32g031xx.o
        80          4          0          0          0       1978   stm32g0xx_it.o
       350          8          0          0          0       5814   stm32g0xx_ll_adc.o
       426         16          0          0          0       3179   stm32g0xx_ll_exti.o
       400          0          0          0          0       3993   stm32g0xx_ll_gpio.o
       248          8          0          0          0       5103   stm32g0xx_ll_spi.o
      2030         76          0          0          0      10552   stm32g0xx_ll_tim.o
       168         20          0          0          0       6656   stm32g0xx_ll_utils.o
         2          0          0          4          0       2009   system_stm32g0xx.o
      1066         36         18          0          0       5366   tim.o
       456          0          0          0          0       6913   u8g2_buffer.o
        20          4          0          0       1024        785   u8g2_d_memory.o
        72         12          0          0          0       4505   u8g2_d_setup.o
      2838         64          0          0          0      18567   u8g2_font.o
         0          0      10140          0          0     103651   u8g2_fonts.o
       574          0          0          0          0       6154   u8g2_hvline.o
       248          0          0          0          0       4873   u8g2_intersection.o
       356          0          0          0          0       5463   u8g2_ll_hvline.o
       640          4         12          0          0       9538   u8g2_setup.o
        72          4          0          0          0       8182   u8x8_8x8.o
        88          0          0          0          0       7853   u8x8_byte.o
       462         24          0          0          0       9370   u8x8_cad.o
       488         44        101          0          0       5692   u8x8_d_ssd1306_128x64_noname.o
       284          0          0          0          0       4424   u8x8_display.o
        38          0          0          0          0       2186   u8x8_gpio.o
       144          4          0          0          0       2891   u8x8_setup.o

    ----------------------------------------------------------------------
     19672       1204      11022          8       3424     307578   Object Totals
         0          0         32          0          0          0   (incl. Generated)
        26          0          5          2          2          0   (incl. Padding)

    ----------------------------------------------------------------------

      Code (inc. data)   RO Data    RW Data    ZI Data      Debug   Library Member Name

         0          0          0          0          0          0   entry.o
         0          0          0          0          0          0   entry10a.o
         0          0          0          0          0          0   entry11a.o
         8          4          0          0          0          0   entry2.o
         4          0          0          0          0          0   entry5.o
         0          0          0          0          0          0   entry7b.o
         0          0          0          0          0          0   entry8b.o
         8          4          0          0          0          0   entry9a.o
        30          0          0          0          0          0   handlers.o
        80          6          0          0          0         72   idiv_div0.o
        48         10          0          0          0         68   init.o
         0          0          0          0          0          0   iusefp.o
        32          0          0          0          0         68   llshl.o
        38          0          0          0          0         68   llsshr.o
        34          0          0          0          0         68   llushr.o
        36          0          0          0          0         60   memcpya.o
        36          0          0          0          0        100   memseta.o
      2270         94          0          0          0        472   printfa.o
        62          0          0          0          0         72   uidiv_div0.o
        96          0          0          0          0         84   uldiv.o
        40          2          0          0          0         68   cdrcmple.o
        56          0          0          0          0         68   d2f.o
       356          4          0          0          0        140   dadd.o
       240          6          0          0          0         84   ddiv.o
       236          0          0          0          0        216   depilogue.o
        64         10          0          0          0         68   dfixul.o
        40          6          0          0          0         68   dflti.o
       208          6          0          0          0         88   dmul.o
        40          0          0          0          0         60   f2d.o
       124          0          0          0          0         72   fdiv.o
       130          0          0          0          0        144   fepilogue.o
        50          0          0          0          0         60   ffixi.o
        14          0          0          0          0         68   ffltui.o
       122          0          0          0          0         72   fmul.o

    ----------------------------------------------------------------------
      4510        152          0          0          0       2408   Library Totals
         8          0          0          0          0          0   (incl. Padding)

    ----------------------------------------------------------------------

      Code (inc. data)   RO Data    RW Data    ZI Data      Debug   Library Name

      2782        118          0          0          0       1132   mc_p.l
      1720         34          0          0          0       1276   mf_p.l

    ----------------------------------------------------------------------
      4510        152          0          0          0       2408   Library Totals

    ----------------------------------------------------------------------

==============================================================================


      Code (inc. data)   RO Data    RW Data    ZI Data      Debug   

     24182       1356      11022          8       3424     308278   Grand Totals
     24182       1356      11022          8       3424     308278   ELF Image Totals
     24182       1356      11022          8          0          0   ROM Totals

==============================================================================

    Total RO  Size (Code + RO Data)                35204 (  34.38kB)
    Total RW  Size (RW Data + ZI Data)              3432 (   3.35kB)
    Total ROM Size (Code + RO Data + RW Data)      35212 (  34.39kB)

==============================================================================

